app/(main)/giai-dau/[id]/TournamentDetailClient.tsx(9,23): error TS2307: Cannot find module '@/components/ui/badge' or its corresponding type declarations.
app/(main)/giai-dau/[id]/TournamentDetailClient.tsx(10,24): error TS2307: Cannot find module '@/components/ui/button' or its corresponding type declarations.
app/(main)/giai-dau/[id]/TournamentDetailClient.tsx(11,23): error TS2307: Cannot find module '@/components/ui/input' or its corresponding type declarations.
app/(main)/giai-dau/[id]/TournamentDetailClient.tsx(12,23): error TS2307: Cannot find module '@/components/ui/label' or its corresponding type declarations.
app/(main)/giai-dau/[id]/TournamentDetailClient.tsx(13,28): error TS2307: Cannot find module '@/components/ui/date-picker' or its corresponding type declarations.
app/(main)/giai-dau/[id]/TournamentDetailClient.tsx(14,57): error TS2307: Cannot find module '@/components/ui/popover' or its corresponding type declarations.
app/(main)/giai-dau/[id]/TournamentDetailClient.tsx(15,93): error TS2307: Cannot find module '@/components/ui/command' or its corresponding type declarations.
app/(main)/giai-dau/[id]/TournamentDetailClient.tsx(18,8): error TS2307: Cannot find module '@/components/ui/dialog' or its corresponding type declarations.
app/(main)/giai-dau/[id]/TournamentDetailClient.tsx(26,71): error TS2307: Cannot find module '@/lib/api' or its corresponding type declarations.
app/(main)/giai-dau/[id]/TournamentDetailClient.tsx(27,25): error TS2307: Cannot find module '@/contexts/AuthContext' or its corresponding type declarations.
app/(main)/giai-dau/[id]/TournamentDetailClient.tsx(28,31): error TS2307: Cannot find module '@/lib/compressImage' or its corresponding type declarations.
app/(main)/giai-dau/[id]/TournamentDetailClient.tsx(29,34): error TS2307: Cannot find module '@/components/profile/MatchCard' or its corresponding type declarations.
app/(main)/giai-dau/[id]/TournamentDetailClient.tsx(91,13): error TS17004: Cannot use JSX unless the '--jsx' flag is provided.
app/(main)/giai-dau/[id]/TournamentDetailClient.tsx(92,17): error TS17004: Cannot use JSX unless the '--jsx' flag is provided.
app/(main)/giai-dau/[id]/TournamentDetailClient.tsx(95,17): error TS17004: Cannot use JSX unless the '--jsx' flag is provided.
app/(main)/giai-dau/[id]/TournamentDetailClient.tsx(97,21): error TS17004: Cannot use JSX unless the '--jsx' flag is provided.
app/(main)/giai-dau/[id]/TournamentDetailClient.tsx(98,25): error TS17004: Cannot use JSX unless the '--jsx' flag is provided.
app/(main)/giai-dau/[id]/TournamentDetailClient.tsx(99,62): error TS17004: Cannot use JSX unless the '--jsx' flag is provided.
app/(main)/giai-dau/[id]/TournamentDetailClient.tsx(100,29): error TS17004: Cannot use JSX unless the '--jsx' flag is provided.
app/(main)/giai-dau/[id]/TournamentDetailClient.tsx(102,25): error TS17004: Cannot use JSX unless the '--jsx' flag is provided.
app/(main)/giai-dau/[id]/TournamentDetailClient.tsx(104,32): error TS17004: Cannot use JSX unless the '--jsx' flag is provided.
app/(main)/giai-dau/[id]/TournamentDetailClient.tsx(105,34): error TS17004: Cannot use JSX unless the '--jsx' flag is provided.
app/(main)/giai-dau/[id]/TournamentDetailClient.tsx(107,21): error TS17004: Cannot use JSX unless the '--jsx' flag is provided.
app/(main)/giai-dau/[id]/TournamentDetailClient.tsx(108,25): error TS17004: Cannot use JSX unless the '--jsx' flag is provided.
app/(main)/giai-dau/[id]/TournamentDetailClient.tsx(123,13): error TS17004: Cannot use JSX unless the '--jsx' flag is provided.
app/(main)/giai-dau/[id]/TournamentDetailClient.tsx(124,17): error TS17004: Cannot use JSX unless the '--jsx' flag is provided.
app/(main)/giai-dau/[id]/TournamentDetailClient.tsx(128,17): error TS17004: Cannot use JSX unless the '--jsx' flag is provided.
app/(main)/giai-dau/[id]/TournamentDetailClient.tsx(134,21): error TS17004: Cannot use JSX unless the '--jsx' flag is provided.
app/(main)/giai-dau/[id]/TournamentDetailClient.tsx(135,25): error TS17004: Cannot use JSX unless the '--jsx' flag is provided.
app/(main)/giai-dau/[id]/TournamentDetailClient.tsx(136,62): error TS17004: Cannot use JSX unless the '--jsx' flag is provided.
app/(main)/giai-dau/[id]/TournamentDetailClient.tsx(137,87): error TS17004: Cannot use JSX unless the '--jsx' flag is provided.
app/(main)/giai-dau/[id]/TournamentDetailClient.tsx(140,25): error TS17004: Cannot use JSX unless the '--jsx' flag is provided.
app/(main)/giai-dau/[id]/TournamentDetailClient.tsx(141,29): error TS17004: Cannot use JSX unless the '--jsx' flag is provided.
app/(main)/giai-dau/[id]/TournamentDetailClient.tsx(142,33): error TS17004: Cannot use JSX unless the '--jsx' flag is provided.
app/(main)/giai-dau/[id]/TournamentDetailClient.tsx(149,21): error TS17004: Cannot use JSX unless the '--jsx' flag is provided.
app/(main)/giai-dau/[id]/TournamentDetailClient.tsx(152,21): error TS17004: Cannot use JSX unless the '--jsx' flag is provided.
app/(main)/giai-dau/[id]/TournamentDetailClient.tsx(153,25): error TS17004: Cannot use JSX unless the '--jsx' flag is provided.
app/(main)/giai-dau/[id]/TournamentDetailClient.tsx(154,25): error TS17004: Cannot use JSX unless the '--jsx' flag is provided.
app/(main)/giai-dau/[id]/TournamentDetailClient.tsx(155,29): error TS17004: Cannot use JSX unless the '--jsx' flag is provided.
app/(main)/giai-dau/[id]/TournamentDetailClient.tsx(164,9): error TS17004: Cannot use JSX unless the '--jsx' flag is provided.
app/(main)/giai-dau/[id]/TournamentDetailClient.tsx(165,13): error TS17004: Cannot use JSX unless the '--jsx' flag is provided.
app/(main)/giai-dau/[id]/TournamentDetailClient.tsx(169,13): error TS17004: Cannot use JSX unless the '--jsx' flag is provided.
app/(main)/giai-dau/[id]/TournamentDetailClient.tsx(175,21): error TS17004: Cannot use JSX unless the '--jsx' flag is provided.
app/(main)/giai-dau/[id]/TournamentDetailClient.tsx(176,25): error TS17004: Cannot use JSX unless the '--jsx' flag is provided.
app/(main)/giai-dau/[id]/TournamentDetailClient.tsx(180,17): error TS17004: Cannot use JSX unless the '--jsx' flag is provided.
app/(main)/giai-dau/[id]/TournamentDetailClient.tsx(181,21): error TS17004: Cannot use JSX unless the '--jsx' flag is provided.
app/(main)/giai-dau/[id]/TournamentDetailClient.tsx(182,59): error TS17004: Cannot use JSX unless the '--jsx' flag is provided.
app/(main)/giai-dau/[id]/TournamentDetailClient.tsx(183,85): error TS17004: Cannot use JSX unless the '--jsx' flag is provided.
app/(main)/giai-dau/[id]/TournamentDetailClient.tsx(186,21): error TS17004: Cannot use JSX unless the '--jsx' flag is provided.
app/(main)/giai-dau/[id]/TournamentDetailClient.tsx(187,25): error TS17004: Cannot use JSX unless the '--jsx' flag is provided.
app/(main)/giai-dau/[id]/TournamentDetailClient.tsx(188,29): error TS17004: Cannot use JSX unless the '--jsx' flag is provided.
app/(main)/giai-dau/[id]/TournamentDetailClient.tsx(192,33): error TS17004: Cannot use JSX unless the '--jsx' flag is provided.
app/(main)/giai-dau/[id]/TournamentDetailClient.tsx(193,37): error TS17004: Cannot use JSX unless the '--jsx' flag is provided.
app/(main)/giai-dau/[id]/TournamentDetailClient.tsx(194,37): error TS17004: Cannot use JSX unless the '--jsx' flag is provided.
app/(main)/giai-dau/[id]/TournamentDetailClient.tsx(195,77): error TS17004: Cannot use JSX unless the '--jsx' flag is provided.
app/(main)/giai-dau/[id]/TournamentDetailClient.tsx(199,25): error TS17004: Cannot use JSX unless the '--jsx' flag is provided.
app/(main)/giai-dau/[id]/TournamentDetailClient.tsx(203,17): error TS17004: Cannot use JSX unless the '--jsx' flag is provided.
app/(main)/giai-dau/[id]/TournamentDetailClient.tsx(205,17): error TS17004: Cannot use JSX unless the '--jsx' flag is provided.
app/(main)/giai-dau/[id]/TournamentDetailClient.tsx(206,21): error TS17004: Cannot use JSX unless the '--jsx' flag is provided.
app/(main)/giai-dau/[id]/TournamentDetailClient.tsx(207,59): error TS17004: Cannot use JSX unless the '--jsx' flag is provided.
app/(main)/giai-dau/[id]/TournamentDetailClient.tsx(208,85): error TS17004: Cannot use JSX unless the '--jsx' flag is provided.
app/(main)/giai-dau/[id]/TournamentDetailClient.tsx(211,21): error TS17004: Cannot use JSX unless the '--jsx' flag is provided.
app/(main)/giai-dau/[id]/TournamentDetailClient.tsx(212,25): error TS17004: Cannot use JSX unless the '--jsx' flag is provided.
app/(main)/giai-dau/[id]/TournamentDetailClient.tsx(213,29): error TS17004: Cannot use JSX unless the '--jsx' flag is provided.
app/(main)/giai-dau/[id]/TournamentDetailClient.tsx(217,33): error TS17004: Cannot use JSX unless the '--jsx' flag is provided.
app/(main)/giai-dau/[id]/TournamentDetailClient.tsx(218,37): error TS17004: Cannot use JSX unless the '--jsx' flag is provided.
app/(main)/giai-dau/[id]/TournamentDetailClient.tsx(219,37): error TS17004: Cannot use JSX unless the '--jsx' flag is provided.
app/(main)/giai-dau/[id]/TournamentDetailClient.tsx(220,77): error TS17004: Cannot use JSX unless the '--jsx' flag is provided.
app/(main)/giai-dau/[id]/TournamentDetailClient.tsx(224,25): error TS17004: Cannot use JSX unless the '--jsx' flag is provided.
app/(main)/giai-dau/[id]/TournamentDetailClient.tsx(282,13): error TS17004: Cannot use JSX unless the '--jsx' flag is provided.
app/(main)/giai-dau/[id]/TournamentDetailClient.tsx(283,31): error TS17004: Cannot use JSX unless the '--jsx' flag is provided.
app/(main)/giai-dau/[id]/TournamentDetailClient.tsx(284,17): error TS17004: Cannot use JSX unless the '--jsx' flag is provided.
app/(main)/giai-dau/[id]/TournamentDetailClient.tsx(285,21): error TS17004: Cannot use JSX unless the '--jsx' flag is provided.
app/(main)/giai-dau/[id]/TournamentDetailClient.tsx(292,9): error TS17004: Cannot use JSX unless the '--jsx' flag is provided.
app/(main)/giai-dau/[id]/TournamentDetailClient.tsx(299,13): error TS17004: Cannot use JSX unless the '--jsx' flag is provided.
app/(main)/giai-dau/[id]/TournamentDetailClient.tsx(308,17): error TS17004: Cannot use JSX unless the '--jsx' flag is provided.
app/(main)/giai-dau/[id]/TournamentDetailClient.tsx(309,21): error TS17004: Cannot use JSX unless the '--jsx' flag is provided.
app/(main)/giai-dau/[id]/TournamentDetailClient.tsx(310,25): error TS17004: Cannot use JSX unless the '--jsx' flag is provided.
app/(main)/giai-dau/[id]/TournamentDetailClient.tsx(311,29): error TS17004: Cannot use JSX unless the '--jsx' flag is provided.
app/(main)/giai-dau/[id]/TournamentDetailClient.tsx(313,25): error TS17004: Cannot use JSX unless the '--jsx' flag is provided.
app/(main)/giai-dau/[id]/TournamentDetailClient.tsx(314,29): error TS17004: Cannot use JSX unless the '--jsx' flag is provided.
app/(main)/giai-dau/[id]/TournamentDetailClient.tsx(315,29): error TS17004: Cannot use JSX unless the '--jsx' flag is provided.
app/(main)/giai-dau/[id]/TournamentDetailClient.tsx(318,21): error TS17004: Cannot use JSX unless the '--jsx' flag is provided.
app/(main)/giai-dau/[id]/TournamentDetailClient.tsx(319,25): error TS17004: Cannot use JSX unless the '--jsx' flag is provided.
app/(main)/giai-dau/[id]/TournamentDetailClient.tsx(324,17): error TS17004: Cannot use JSX unless the '--jsx' flag is provided.
app/(main)/giai-dau/[id]/TournamentDetailClient.tsx(326,21): error TS17004: Cannot use JSX unless the '--jsx' flag is provided.
app/(main)/giai-dau/[id]/TournamentDetailClient.tsx(328,25): error TS17004: Cannot use JSX unless the '--jsx' flag is provided.
app/(main)/giai-dau/[id]/TournamentDetailClient.tsx(329,29): error TS17004: Cannot use JSX unless the '--jsx' flag is provided.
app/(main)/giai-dau/[id]/TournamentDetailClient.tsx(335,25): error TS17004: Cannot use JSX unless the '--jsx' flag is provided.
app/(main)/giai-dau/[id]/TournamentDetailClient.tsx(337,29): error TS17004: Cannot use JSX unless the '--jsx' flag is provided.
app/(main)/giai-dau/[id]/TournamentDetailClient.tsx(339,33): error TS17004: Cannot use JSX unless the '--jsx' flag is provided.
app/(main)/giai-dau/[id]/TournamentDetailClient.tsx(340,37): error TS17004: Cannot use JSX unless the '--jsx' flag is provided.
app/(main)/giai-dau/[id]/TournamentDetailClient.tsx(341,41): error TS17004: Cannot use JSX unless the '--jsx' flag is provided.
app/(main)/giai-dau/[id]/TournamentDetailClient.tsx(342,45): error TS17004: Cannot use JSX unless the '--jsx' flag is provided.
app/(main)/giai-dau/[id]/TournamentDetailClient.tsx(345,68): error TS17004: Cannot use JSX unless the '--jsx' flag is provided.
app/(main)/giai-dau/[id]/TournamentDetailClient.tsx(348,45): error TS17004: Cannot use JSX unless the '--jsx' flag is provided.
app/(main)/giai-dau/[id]/TournamentDetailClient.tsx(349,49): error TS17004: Cannot use JSX unless the '--jsx' flag is provided.
app/(main)/giai-dau/[id]/TournamentDetailClient.tsx(352,79): error TS17004: Cannot use JSX unless the '--jsx' flag is provided.
app/(main)/giai-dau/[id]/TournamentDetailClient.tsx(356,55): error TS17004: Cannot use JSX unless the '--jsx' flag is provided.
app/(main)/giai-dau/[id]/TournamentDetailClient.tsx(361,29): error TS17004: Cannot use JSX unless the '--jsx' flag is provided.
app/(main)/giai-dau/[id]/TournamentDetailClient.tsx(363,37): error TS17004: Cannot use JSX unless the '--jsx' flag is provided.
app/(main)/giai-dau/[id]/TournamentDetailClient.tsx(364,41): error TS17004: Cannot use JSX unless the '--jsx' flag is provided.
app/(main)/giai-dau/[id]/TournamentDetailClient.tsx(365,41): error TS17004: Cannot use JSX unless the '--jsx' flag is provided.
app/(main)/giai-dau/[id]/TournamentDetailClient.tsx(366,41): error TS17004: Cannot use JSX unless the '--jsx' flag is provided.
app/(main)/giai-dau/[id]/TournamentDetailClient.tsx(369,37): error TS17004: Cannot use JSX unless the '--jsx' flag is provided.
app/(main)/giai-dau/[id]/TournamentDetailClient.tsx(370,41): error TS17004: Cannot use JSX unless the '--jsx' flag is provided.
app/(main)/giai-dau/[id]/TournamentDetailClient.tsx(373,33): error TS17004: Cannot use JSX unless the '--jsx' flag is provided.
app/(main)/giai-dau/[id]/TournamentDetailClient.tsx(374,53): error TS17004: Cannot use JSX unless the '--jsx' flag is provided.
app/(main)/giai-dau/[id]/TournamentDetailClient.tsx(374,127): error TS17004: Cannot use JSX unless the '--jsx' flag is provided.
app/(main)/giai-dau/[id]/TournamentDetailClient.tsx(375,48): error TS17004: Cannot use JSX unless the '--jsx' flag is provided.
app/(main)/giai-dau/[id]/TournamentDetailClient.tsx(375,116): error TS17004: Cannot use JSX unless the '--jsx' flag is provided.
app/(main)/giai-dau/[id]/TournamentDetailClient.tsx(376,65): error TS17004: Cannot use JSX unless the '--jsx' flag is provided.
app/(main)/giai-dau/[id]/TournamentDetailClient.tsx(376,136): error TS17004: Cannot use JSX unless the '--jsx' flag is provided.
app/(main)/giai-dau/[id]/TournamentDetailClient.tsx(381,29): error TS17004: Cannot use JSX unless the '--jsx' flag is provided.
app/(main)/giai-dau/[id]/TournamentDetailClient.tsx(383,33): error TS17004: Cannot use JSX unless the '--jsx' flag is provided.
app/(main)/giai-dau/[id]/TournamentDetailClient.tsx(384,37): error TS17004: Cannot use JSX unless the '--jsx' flag is provided.
app/(main)/giai-dau/[id]/TournamentDetailClient.tsx(385,41): error TS17004: Cannot use JSX unless the '--jsx' flag is provided.
app/(main)/giai-dau/[id]/TournamentDetailClient.tsx(386,45): error TS17004: Cannot use JSX unless the '--jsx' flag is provided.
app/(main)/giai-dau/[id]/TournamentDetailClient.tsx(389,68): error TS17004: Cannot use JSX unless the '--jsx' flag is provided.
app/(main)/giai-dau/[id]/TournamentDetailClient.tsx(392,45): error TS17004: Cannot use JSX unless the '--jsx' flag is provided.
app/(main)/giai-dau/[id]/TournamentDetailClient.tsx(393,49): error TS17004: Cannot use JSX unless the '--jsx' flag is provided.
app/(main)/giai-dau/[id]/TournamentDetailClient.tsx(396,79): error TS17004: Cannot use JSX unless the '--jsx' flag is provided.
app/(main)/giai-dau/[id]/TournamentDetailClient.tsx(400,55): error TS17004: Cannot use JSX unless the '--jsx' flag is provided.
app/(main)/giai-dau/[id]/TournamentDetailClient.tsx(407,21): error TS17004: Cannot use JSX unless the '--jsx' flag is provided.
app/(main)/giai-dau/[id]/TournamentDetailClient.tsx(412,29): error TS17004: Cannot use JSX unless the '--jsx' flag is provided.
app/(main)/giai-dau/[id]/TournamentDetailClient.tsx(413,33): error TS17004: Cannot use JSX unless the '--jsx' flag is provided.
app/(main)/giai-dau/[id]/TournamentDetailClient.tsx(415,37): error TS17004: Cannot use JSX unless the '--jsx' flag is provided.
app/(main)/giai-dau/[id]/TournamentDetailClient.tsx(416,41): error TS17004: Cannot use JSX unless the '--jsx' flag is provided.
app/(main)/giai-dau/[id]/TournamentDetailClient.tsx(418,49): error TS17004: Cannot use JSX unless the '--jsx' flag is provided.
app/(main)/giai-dau/[id]/TournamentDetailClient.tsx(420,45): error TS17004: Cannot use JSX unless the '--jsx' flag is provided.
app/(main)/giai-dau/[id]/TournamentDetailClient.tsx(421,49): error TS17004: Cannot use JSX unless the '--jsx' flag is provided.
app/(main)/giai-dau/[id]/TournamentDetailClient.tsx(423,45): error TS17004: Cannot use JSX unless the '--jsx' flag is provided.
app/(main)/giai-dau/[id]/TournamentDetailClient.tsx(424,49): error TS17004: Cannot use JSX unless the '--jsx' flag is provided.
app/(main)/giai-dau/[id]/TournamentDetailClient.tsx(427,41): error TS17004: Cannot use JSX unless the '--jsx' flag is provided.
app/(main)/giai-dau/[id]/TournamentDetailClient.tsx(428,45): error TS17004: Cannot use JSX unless the '--jsx' flag is provided.
app/(main)/giai-dau/[id]/TournamentDetailClient.tsx(429,49): error TS17004: Cannot use JSX unless the '--jsx' flag is provided.
app/(main)/giai-dau/[id]/TournamentDetailClient.tsx(430,49): error TS17004: Cannot use JSX unless the '--jsx' flag is provided.
app/(main)/giai-dau/[id]/TournamentDetailClient.tsx(433,49): error TS17004: Cannot use JSX unless the '--jsx' flag is provided.
app/(main)/giai-dau/[id]/TournamentDetailClient.tsx(434,53): error TS17004: Cannot use JSX unless the '--jsx' flag is provided.
app/(main)/giai-dau/[id]/TournamentDetailClient.tsx(435,53): error TS17004: Cannot use JSX unless the '--jsx' flag is provided.
app/(main)/giai-dau/[id]/TournamentDetailClient.tsx(440,49): error TS17004: Cannot use JSX unless the '--jsx' flag is provided.
app/(main)/giai-dau/[id]/TournamentDetailClient.tsx(441,53): error TS17004: Cannot use JSX unless the '--jsx' flag is provided.
app/(main)/giai-dau/[id]/TournamentDetailClient.tsx(442,79): error TS17004: Cannot use JSX unless the '--jsx' flag is provided.
app/(main)/giai-dau/[id]/TournamentDetailClient.tsx(443,57): error TS17004: Cannot use JSX unless the '--jsx' flag is provided.
app/(main)/giai-dau/[id]/TournamentDetailClient.tsx(446,57): error TS17004: Cannot use JSX unless the '--jsx' flag is provided.
app/(main)/giai-dau/[id]/TournamentDetailClient.tsx(447,61): error TS17004: Cannot use JSX unless the '--jsx' flag is provided.
app/(main)/giai-dau/[id]/TournamentDetailClient.tsx(448,61): error TS17004: Cannot use JSX unless the '--jsx' flag is provided.
app/(main)/giai-dau/[id]/TournamentDetailClient.tsx(452,57): error TS17004: Cannot use JSX unless the '--jsx' flag is provided.
app/(main)/giai-dau/[id]/TournamentDetailClient.tsx(453,61): error TS17004: Cannot use JSX unless the '--jsx' flag is provided.
app/(main)/giai-dau/[id]/TournamentDetailClient.tsx(459,63): error TS17004: Cannot use JSX unless the '--jsx' flag is provided.
app/(main)/giai-dau/[id]/TournamentDetailClient.tsx(460,45): error TS17004: Cannot use JSX unless the '--jsx' flag is provided.
app/(main)/giai-dau/[id]/TournamentDetailClient.tsx(461,49): error TS17004: Cannot use JSX unless the '--jsx' flag is provided.
app/(main)/giai-dau/[id]/TournamentDetailClient.tsx(466,37): error TS17004: Cannot use JSX unless the '--jsx' flag is provided.
app/(main)/giai-dau/[id]/TournamentDetailClient.tsx(467,41): error TS17004: Cannot use JSX unless the '--jsx' flag is provided.
app/(main)/giai-dau/[id]/TournamentDetailClient.tsx(468,45): error TS17004: Cannot use JSX unless the '--jsx' flag is provided.
app/(main)/giai-dau/[id]/TournamentDetailClient.tsx(469,49): error TS17004: Cannot use JSX unless the '--jsx' flag is provided.
app/(main)/giai-dau/[id]/TournamentDetailClient.tsx(472,41): error TS17004: Cannot use JSX unless the '--jsx' flag is provided.
app/(main)/giai-dau/[id]/TournamentDetailClient.tsx(473,45): error TS17004: Cannot use JSX unless the '--jsx' flag is provided.
app/(main)/giai-dau/[id]/TournamentDetailClient.tsx(476,49): error TS17004: Cannot use JSX unless the '--jsx' flag is provided.
app/(main)/giai-dau/[id]/TournamentDetailClient.tsx(477,53): error TS17004: Cannot use JSX unless the '--jsx' flag is provided.
app/(main)/giai-dau/[id]/TournamentDetailClient.tsx(478,79): error TS17004: Cannot use JSX unless the '--jsx' flag is provided.
app/(main)/giai-dau/[id]/TournamentDetailClient.tsx(479,57): error TS17004: Cannot use JSX unless the '--jsx' flag is provided.
app/(main)/giai-dau/[id]/TournamentDetailClient.tsx(482,57): error TS17004: Cannot use JSX unless the '--jsx' flag is provided.
app/(main)/giai-dau/[id]/TournamentDetailClient.tsx(483,61): error TS17004: Cannot use JSX unless the '--jsx' flag is provided.
app/(main)/giai-dau/[id]/TournamentDetailClient.tsx(489,63): error TS17004: Cannot use JSX unless the '--jsx' flag is provided.
app/(main)/giai-dau/[id]/TournamentDetailClient.tsx(498,21): error TS17004: Cannot use JSX unless the '--jsx' flag is provided.
app/(main)/giai-dau/[id]/TournamentDetailClient.tsx(501,29): error TS17004: Cannot use JSX unless the '--jsx' flag is provided.
app/(main)/giai-dau/[id]/TournamentDetailClient.tsx(502,33): error TS17004: Cannot use JSX unless the '--jsx' flag is provided.
app/(main)/giai-dau/[id]/TournamentDetailClient.tsx(503,37): error TS17004: Cannot use JSX unless the '--jsx' flag is provided.
app/(main)/giai-dau/[id]/TournamentDetailClient.tsx(504,41): error TS17004: Cannot use JSX unless the '--jsx' flag is provided.
app/(main)/giai-dau/[id]/TournamentDetailClient.tsx(506,37): error TS17004: Cannot use JSX unless the '--jsx' flag is provided.
app/(main)/giai-dau/[id]/TournamentDetailClient.tsx(507,41): error TS17004: Cannot use JSX unless the '--jsx' flag is provided.
app/(main)/giai-dau/[id]/TournamentDetailClient.tsx(509,45): error TS17004: Cannot use JSX unless the '--jsx' flag is provided.
app/(main)/giai-dau/[id]/TournamentDetailClient.tsx(513,33): error TS17004: Cannot use JSX unless the '--jsx' flag is provided.
app/(main)/giai-dau/[id]/TournamentDetailClient.tsx(525,45): error TS17004: Cannot use JSX unless the '--jsx' flag is provided.
app/(main)/giai-dau/[id]/TournamentDetailClient.tsx(526,49): error TS17004: Cannot use JSX unless the '--jsx' flag is provided.
app/(main)/giai-dau/[id]/TournamentDetailClient.tsx(527,53): error TS17004: Cannot use JSX unless the '--jsx' flag is provided.
app/(main)/giai-dau/[id]/TournamentDetailClient.tsx(528,57): error TS17004: Cannot use JSX unless the '--jsx' flag is provided.
app/(main)/giai-dau/[id]/TournamentDetailClient.tsx(530,65): error TS17004: Cannot use JSX unless the '--jsx' flag is provided.
app/(main)/giai-dau/[id]/TournamentDetailClient.tsx(532,61): error TS17004: Cannot use JSX unless the '--jsx' flag is provided.
app/(main)/giai-dau/[id]/TournamentDetailClient.tsx(533,65): error TS17004: Cannot use JSX unless the '--jsx' flag is provided.
app/(main)/giai-dau/[id]/TournamentDetailClient.tsx(536,57): error TS17004: Cannot use JSX unless the '--jsx' flag is provided.
app/(main)/giai-dau/[id]/TournamentDetailClient.tsx(537,61): error TS17004: Cannot use JSX unless the '--jsx' flag is provided.
app/(main)/giai-dau/[id]/TournamentDetailClient.tsx(538,74): error TS17004: Cannot use JSX unless the '--jsx' flag is provided.
app/(main)/giai-dau/[id]/TournamentDetailClient.tsx(539,90): error TS17004: Cannot use JSX unless the '--jsx' flag is provided.
app/(main)/giai-dau/[id]/TournamentDetailClient.tsx(540,65): error TS17004: Cannot use JSX unless the '--jsx' flag is provided.
app/(main)/giai-dau/[id]/TournamentDetailClient.tsx(542,61): error TS17004: Cannot use JSX unless the '--jsx' flag is provided.
app/(main)/giai-dau/[id]/TournamentDetailClient.tsx(543,87): error TS17004: Cannot use JSX unless the '--jsx' flag is provided.
app/(main)/giai-dau/[id]/TournamentDetailClient.tsx(544,85): error TS17004: Cannot use JSX unless the '--jsx' flag is provided.
app/(main)/giai-dau/[id]/TournamentDetailClient.tsx(544,129): error TS17004: Cannot use JSX unless the '--jsx' flag is provided.
app/(main)/giai-dau/[id]/TournamentDetailClient.tsx(549,49): error TS17004: Cannot use JSX unless the '--jsx' flag is provided.
app/(main)/giai-dau/[id]/TournamentDetailClient.tsx(550,53): error TS17004: Cannot use JSX unless the '--jsx' flag is provided.
app/(main)/giai-dau/[id]/TournamentDetailClient.tsx(551,57): error TS17004: Cannot use JSX unless the '--jsx' flag is provided.
app/(main)/giai-dau/[id]/TournamentDetailClient.tsx(552,61): error TS17004: Cannot use JSX unless the '--jsx' flag is provided.
app/(main)/giai-dau/[id]/TournamentDetailClient.tsx(553,61): error TS17004: Cannot use JSX unless the '--jsx' flag is provided.
app/(main)/giai-dau/[id]/TournamentDetailClient.tsx(555,57): error TS17004: Cannot use JSX unless the '--jsx' flag is provided.
app/(main)/giai-dau/[id]/TournamentDetailClient.tsx(556,57): error TS17004: Cannot use JSX unless the '--jsx' flag is provided.
app/(main)/giai-dau/[id]/TournamentDetailClient.tsx(557,61): error TS17004: Cannot use JSX unless the '--jsx' flag is provided.
app/(main)/giai-dau/[id]/TournamentDetailClient.tsx(558,61): error TS17004: Cannot use JSX unless the '--jsx' flag is provided.
app/(main)/giai-dau/[id]/TournamentDetailClient.tsx(562,57): error TS17004: Cannot use JSX unless the '--jsx' flag is provided.
app/(main)/giai-dau/[id]/TournamentDetailClient.tsx(563,61): error TS17004: Cannot use JSX unless the '--jsx' flag is provided.
app/(main)/giai-dau/[id]/TournamentDetailClient.tsx(564,61): error TS17004: Cannot use JSX unless the '--jsx' flag is provided.
app/(main)/giai-dau/[id]/TournamentDetailClient.tsx(568,57): error TS17004: Cannot use JSX unless the '--jsx' flag is provided.
app/(main)/giai-dau/[id]/TournamentDetailClient.tsx(569,61): error TS17004: Cannot use JSX unless the '--jsx' flag is provided.
app/(main)/giai-dau/[id]/TournamentDetailClient.tsx(569,167): error TS17004: Cannot use JSX unless the '--jsx' flag is provided.
app/(main)/giai-dau/[id]/TournamentDetailClient.tsx(570,61): error TS17004: Cannot use JSX unless the '--jsx' flag is provided.
app/(main)/giai-dau/[id]/TournamentDetailClient.tsx(572,69): error TS17004: Cannot use JSX unless the '--jsx' flag is provided.
app/(main)/giai-dau/[id]/TournamentDetailClient.tsx(573,73): error TS17004: Cannot use JSX unless the '--jsx' flag is provided.
app/(main)/giai-dau/[id]/TournamentDetailClient.tsx(574,73): error TS17004: Cannot use JSX unless the '--jsx' flag is provided.
app/(main)/giai-dau/[id]/TournamentDetailClient.tsx(575,77): error TS17004: Cannot use JSX unless the '--jsx' flag is provided.
app/(main)/giai-dau/[id]/TournamentDetailClient.tsx(592,29): error TS17004: Cannot use JSX unless the '--jsx' flag is provided.
app/(main)/giai-dau/[id]/TournamentDetailClient.tsx(594,37): error TS17004: Cannot use JSX unless the '--jsx' flag is provided.
app/(main)/giai-dau/[id]/TournamentDetailClient.tsx(595,41): error TS17004: Cannot use JSX unless the '--jsx' flag is provided.
app/(main)/giai-dau/[id]/TournamentDetailClient.tsx(596,45): error TS17004: Cannot use JSX unless the '--jsx' flag is provided.
app/(main)/giai-dau/[id]/TournamentDetailClient.tsx(597,49): error TS17004: Cannot use JSX unless the '--jsx' flag is provided.
app/(main)/giai-dau/[id]/TournamentDetailClient.tsx(598,53): error TS17004: Cannot use JSX unless the '--jsx' flag is provided.
app/(main)/giai-dau/[id]/TournamentDetailClient.tsx(600,49): error TS17004: Cannot use JSX unless the '--jsx' flag is provided.
app/(main)/giai-dau/[id]/TournamentDetailClient.tsx(603,41): error TS17004: Cannot use JSX unless the '--jsx' flag is provided.
app/(main)/giai-dau/[id]/TournamentDetailClient.tsx(604,45): error TS17004: Cannot use JSX unless the '--jsx' flag is provided.
app/(main)/giai-dau/[id]/TournamentDetailClient.tsx(605,49): error TS17004: Cannot use JSX unless the '--jsx' flag is provided.
app/(main)/giai-dau/[id]/TournamentDetailClient.tsx(606,53): error TS17004: Cannot use JSX unless the '--jsx' flag is provided.
app/(main)/giai-dau/[id]/TournamentDetailClient.tsx(607,53): error TS17004: Cannot use JSX unless the '--jsx' flag is provided.
app/(main)/giai-dau/[id]/TournamentDetailClient.tsx(609,49): error TS17004: Cannot use JSX unless the '--jsx' flag is provided.
app/(main)/giai-dau/[id]/TournamentDetailClient.tsx(610,49): error TS17004: Cannot use JSX unless the '--jsx' flag is provided.
app/(main)/giai-dau/[id]/TournamentDetailClient.tsx(611,53): error TS17004: Cannot use JSX unless the '--jsx' flag is provided.
app/(main)/giai-dau/[id]/TournamentDetailClient.tsx(612,53): error TS17004: Cannot use JSX unless the '--jsx' flag is provided.
app/(main)/giai-dau/[id]/TournamentDetailClient.tsx(616,49): error TS17004: Cannot use JSX unless the '--jsx' flag is provided.
app/(main)/giai-dau/[id]/TournamentDetailClient.tsx(617,53): error TS17004: Cannot use JSX unless the '--jsx' flag is provided.
app/(main)/giai-dau/[id]/TournamentDetailClient.tsx(618,53): error TS17004: Cannot use JSX unless the '--jsx' flag is provided.
app/(main)/giai-dau/[id]/TournamentDetailClient.tsx(622,49): error TS17004: Cannot use JSX unless the '--jsx' flag is provided.
app/(main)/giai-dau/[id]/TournamentDetailClient.tsx(624,57): error TS17004: Cannot use JSX unless the '--jsx' flag is provided.
app/(main)/giai-dau/[id]/TournamentDetailClient.tsx(628,45): error TS17004: Cannot use JSX unless the '--jsx' flag is provided.
app/(main)/giai-dau/[id]/TournamentDetailClient.tsx(629,49): error TS17004: Cannot use JSX unless the '--jsx' flag is provided.
app/(main)/giai-dau/[id]/TournamentDetailClient.tsx(635,37): error TS17004: Cannot use JSX unless the '--jsx' flag is provided.
app/(main)/giai-dau/[id]/TournamentDetailClient.tsx(636,41): error TS17004: Cannot use JSX unless the '--jsx' flag is provided.
app/(main)/giai-dau/[id]/TournamentDetailClient.tsx(640,37): error TS17004: Cannot use JSX unless the '--jsx' flag is provided.
app/(main)/giai-dau/[id]/TournamentDetailClient.tsx(641,41): error TS17004: Cannot use JSX unless the '--jsx' flag is provided.
app/(main)/giai-dau/[id]/TournamentDetailClient.tsx(666,17): error TS17004: Cannot use JSX unless the '--jsx' flag is provided.
app/(main)/giai-dau/[id]/TournamentDetailClient.tsx(667,21): error TS17004: Cannot use JSX unless the '--jsx' flag is provided.
app/(main)/giai-dau/[id]/TournamentDetailClient.tsx(1319,27): error TS17004: Cannot use JSX unless the '--jsx' flag is provided.
app/(main)/giai-dau/[id]/TournamentDetailClient.tsx(1319,90): error TS17004: Cannot use JSX unless the '--jsx' flag is provided.
app/(main)/giai-dau/[id]/TournamentDetailClient.tsx(1320,35): error TS17004: Cannot use JSX unless the '--jsx' flag is provided.
app/(main)/giai-dau/[id]/TournamentDetailClient.tsx(1320,70): error TS17004: Cannot use JSX unless the '--jsx' flag is provided.
app/(main)/giai-dau/[id]/TournamentDetailClient.tsx(1350,9): error TS17004: Cannot use JSX unless the '--jsx' flag is provided.
app/(main)/giai-dau/[id]/TournamentDetailClient.tsx(1351,13): error TS17004: Cannot use JSX unless the '--jsx' flag is provided.
app/(main)/giai-dau/[id]/TournamentDetailClient.tsx(1353,17): error TS17004: Cannot use JSX unless the '--jsx' flag is provided.
app/(main)/giai-dau/[id]/TournamentDetailClient.tsx(1354,21): error TS17004: Cannot use JSX unless the '--jsx' flag is provided.
app/(main)/giai-dau/[id]/TournamentDetailClient.tsx(1355,21): error TS17004: Cannot use JSX unless the '--jsx' flag is provided.
app/(main)/giai-dau/[id]/TournamentDetailClient.tsx(1358,17): error TS17004: Cannot use JSX unless the '--jsx' flag is provided.
app/(main)/giai-dau/[id]/TournamentDetailClient.tsx(1360,21): error TS17004: Cannot use JSX unless the '--jsx' flag is provided.
app/(main)/giai-dau/[id]/TournamentDetailClient.tsx(1361,25): error TS17004: Cannot use JSX unless the '--jsx' flag is provided.
app/(main)/giai-dau/[id]/TournamentDetailClient.tsx(1362,25): error TS17004: Cannot use JSX unless the '--jsx' flag is provided.
app/(main)/giai-dau/[id]/TournamentDetailClient.tsx(1363,25): error TS17004: Cannot use JSX unless the '--jsx' flag is provided.
app/(main)/giai-dau/[id]/TournamentDetailClient.tsx(1364,25): error TS17004: Cannot use JSX unless the '--jsx' flag is provided.
app/(main)/giai-dau/[id]/TournamentDetailClient.tsx(1365,25): error TS17004: Cannot use JSX unless the '--jsx' flag is provided.
app/(main)/giai-dau/[id]/TournamentDetailClient.tsx(1368,21): error TS17004: Cannot use JSX unless the '--jsx' flag is provided.
app/(main)/giai-dau/[id]/TournamentDetailClient.tsx(1375,25): error TS17004: Cannot use JSX unless the '--jsx' flag is provided.
app/(main)/giai-dau/[id]/TournamentDetailClient.tsx(1376,29): error TS17004: Cannot use JSX unless the '--jsx' flag is provided.
app/(main)/giai-dau/[id]/TournamentDetailClient.tsx(1377,33): error TS17004: Cannot use JSX unless the '--jsx' flag is provided.
app/(main)/giai-dau/[id]/TournamentDetailClient.tsx(1380,29): error TS17004: Cannot use JSX unless the '--jsx' flag is provided.
app/(main)/giai-dau/[id]/TournamentDetailClient.tsx(1381,29): error TS17004: Cannot use JSX unless the '--jsx' flag is provided.
app/(main)/giai-dau/[id]/TournamentDetailClient.tsx(1382,48): error TS17004: Cannot use JSX unless the '--jsx' flag is provided.
app/(main)/giai-dau/[id]/TournamentDetailClient.tsx(1383,49): error TS17004: Cannot use JSX unless the '--jsx' flag is provided.
app/(main)/giai-dau/[id]/TournamentDetailClient.tsx(1387,25): error TS17004: Cannot use JSX unless the '--jsx' flag is provided.
app/(main)/giai-dau/[id]/TournamentDetailClient.tsx(1390,25): error TS17004: Cannot use JSX unless the '--jsx' flag is provided.
app/(main)/giai-dau/[id]/TournamentDetailClient.tsx(1391,29): error TS17004: Cannot use JSX unless the '--jsx' flag is provided.
app/(main)/giai-dau/[id]/TournamentDetailClient.tsx(1391,73): error TS17004: Cannot use JSX unless the '--jsx' flag is provided.
app/(main)/giai-dau/[id]/TournamentDetailClient.tsx(1392,29): error TS17004: Cannot use JSX unless the '--jsx' flag is provided.
app/(main)/giai-dau/[id]/TournamentDetailClient.tsx(1392,73): error TS17004: Cannot use JSX unless the '--jsx' flag is provided.
app/(main)/giai-dau/[id]/TournamentDetailClient.tsx(1393,29): error TS17004: Cannot use JSX unless the '--jsx' flag is provided.
app/(main)/giai-dau/[id]/TournamentDetailClient.tsx(1393,73): error TS17004: Cannot use JSX unless the '--jsx' flag is provided.
app/(main)/giai-dau/[id]/TournamentDetailClient.tsx(1397,25): error TS17004: Cannot use JSX unless the '--jsx' flag is provided.
app/(main)/giai-dau/[id]/TournamentDetailClient.tsx(1398,29): error TS17004: Cannot use JSX unless the '--jsx' flag is provided.
app/(main)/giai-dau/[id]/TournamentDetailClient.tsx(1399,33): error TS17004: Cannot use JSX unless the '--jsx' flag is provided.
app/(main)/giai-dau/[id]/TournamentDetailClient.tsx(1400,33): error TS17004: Cannot use JSX unless the '--jsx' flag is provided.
app/(main)/giai-dau/[id]/TournamentDetailClient.tsx(1402,29): error TS17004: Cannot use JSX unless the '--jsx' flag is provided.
app/(main)/giai-dau/[id]/TournamentDetailClient.tsx(1403,33): error TS17004: Cannot use JSX unless the '--jsx' flag is provided.
app/(main)/giai-dau/[id]/TournamentDetailClient.tsx(1411,33): error TS17004: Cannot use JSX unless the '--jsx' flag is provided.
app/(main)/giai-dau/[id]/TournamentDetailClient.tsx(1411,114): error TS17004: Cannot use JSX unless the '--jsx' flag is provided.
app/(main)/giai-dau/[id]/TournamentDetailClient.tsx(1416,25): error TS17004: Cannot use JSX unless the '--jsx' flag is provided.
app/(main)/giai-dau/[id]/TournamentDetailClient.tsx(1417,29): error TS17004: Cannot use JSX unless the '--jsx' flag is provided.
app/(main)/giai-dau/[id]/TournamentDetailClient.tsx(1418,33): error TS17004: Cannot use JSX unless the '--jsx' flag is provided.
app/(main)/giai-dau/[id]/TournamentDetailClient.tsx(1419,37): error TS17004: Cannot use JSX unless the '--jsx' flag is provided.
app/(main)/giai-dau/[id]/TournamentDetailClient.tsx(1420,37): error TS17004: Cannot use JSX unless the '--jsx' flag is provided.
app/(main)/giai-dau/[id]/TournamentDetailClient.tsx(1422,33): error TS17004: Cannot use JSX unless the '--jsx' flag is provided.
app/(main)/giai-dau/[id]/TournamentDetailClient.tsx(1423,37): error TS17004: Cannot use JSX unless the '--jsx' flag is provided.
app/(main)/giai-dau/[id]/TournamentDetailClient.tsx(1424,37): error TS17004: Cannot use JSX unless the '--jsx' flag is provided.
app/(main)/giai-dau/[id]/TournamentDetailClient.tsx(1427,29): error TS17004: Cannot use JSX unless the '--jsx' flag is provided.
app/(main)/giai-dau/[id]/TournamentDetailClient.tsx(1428,33): error TS17004: Cannot use JSX unless the '--jsx' flag is provided.
app/(main)/giai-dau/[id]/TournamentDetailClient.tsx(1429,37): error TS17004: Cannot use JSX unless the '--jsx' flag is provided.
app/(main)/giai-dau/[id]/TournamentDetailClient.tsx(1430,37): error TS17004: Cannot use JSX unless the '--jsx' flag is provided.
app/(main)/giai-dau/[id]/TournamentDetailClient.tsx(1432,33): error TS17004: Cannot use JSX unless the '--jsx' flag is provided.
app/(main)/giai-dau/[id]/TournamentDetailClient.tsx(1440,29): error TS17004: Cannot use JSX unless the '--jsx' flag is provided.
app/(main)/giai-dau/[id]/TournamentDetailClient.tsx(1441,33): error TS17004: Cannot use JSX unless the '--jsx' flag is provided.
app/(main)/giai-dau/[id]/TournamentDetailClient.tsx(1442,37): error TS17004: Cannot use JSX unless the '--jsx' flag is provided.
app/(main)/giai-dau/[id]/TournamentDetailClient.tsx(1443,37): error TS17004: Cannot use JSX unless the '--jsx' flag is provided.
app/(main)/giai-dau/[id]/TournamentDetailClient.tsx(1445,33): error TS17004: Cannot use JSX unless the '--jsx' flag is provided.
app/(main)/giai-dau/[id]/TournamentDetailClient.tsx(1452,25): error TS17004: Cannot use JSX unless the '--jsx' flag is provided.
app/(main)/giai-dau/[id]/TournamentDetailClient.tsx(1455,37): error TS17004: Cannot use JSX unless the '--jsx' flag is provided.
app/(main)/giai-dau/[id]/TournamentDetailClient.tsx(1455,120): error TS17004: Cannot use JSX unless the '--jsx' flag is provided.
app/(main)/giai-dau/[id]/TournamentDetailClient.tsx(1458,41): error TS17004: Cannot use JSX unless the '--jsx' flag is provided.
app/(main)/giai-dau/[id]/TournamentDetailClient.tsx(1458,119): error TS17004: Cannot use JSX unless the '--jsx' flag is provided.
app/(main)/giai-dau/[id]/TournamentDetailClient.tsx(1460,41): error TS17004: Cannot use JSX unless the '--jsx' flag is provided.
app/(main)/giai-dau/[id]/TournamentDetailClient.tsx(1461,45): error TS17004: Cannot use JSX unless the '--jsx' flag is provided.
app/(main)/giai-dau/[id]/TournamentDetailClient.tsx(1463,53): error TS17004: Cannot use JSX unless the '--jsx' flag is provided.
app/(main)/giai-dau/[id]/TournamentDetailClient.tsx(1463,55): error TS17004: Cannot use JSX unless the '--jsx' flag is provided.
app/(main)/giai-dau/[id]/TournamentDetailClient.tsx(1465,53): error TS17004: Cannot use JSX unless the '--jsx' flag is provided.
app/(main)/giai-dau/[id]/TournamentDetailClient.tsx(1465,55): error TS17004: Cannot use JSX unless the '--jsx' flag is provided.
app/(main)/giai-dau/[id]/TournamentDetailClient.tsx(1467,53): error TS17004: Cannot use JSX unless the '--jsx' flag is provided.
app/(main)/giai-dau/[id]/TournamentDetailClient.tsx(1467,55): error TS17004: Cannot use JSX unless the '--jsx' flag is provided.
app/(main)/giai-dau/[id]/TournamentDetailClient.tsx(1469,53): error TS17004: Cannot use JSX unless the '--jsx' flag is provided.
app/(main)/giai-dau/[id]/TournamentDetailClient.tsx(1469,55): error TS17004: Cannot use JSX unless the '--jsx' flag is provided.
app/(main)/giai-dau/[id]/TournamentDetailClient.tsx(1472,45): error TS17004: Cannot use JSX unless the '--jsx' flag is provided.
app/(main)/giai-dau/[id]/TournamentDetailClient.tsx(1473,49): error TS17004: Cannot use JSX unless the '--jsx' flag is provided.
app/(main)/giai-dau/[id]/TournamentDetailClient.tsx(1478,37): error TS17004: Cannot use JSX unless the '--jsx' flag is provided.
app/(main)/giai-dau/[id]/TournamentDetailClient.tsx(1482,41): error TS17004: Cannot use JSX unless the '--jsx' flag is provided.
app/(main)/giai-dau/[id]/TournamentDetailClient.tsx(1486,33): error TS17004: Cannot use JSX unless the '--jsx' flag is provided.
app/(main)/giai-dau/[id]/TournamentDetailClient.tsx(1486,123): error TS17004: Cannot use JSX unless the '--jsx' flag is provided.
app/(main)/giai-dau/[id]/TournamentDetailClient.tsx(1488,33): error TS17004: Cannot use JSX unless the '--jsx' flag is provided.
app/(main)/giai-dau/[id]/TournamentDetailClient.tsx(1488,142): error TS17004: Cannot use JSX unless the '--jsx' flag is provided.
app/(main)/giai-dau/[id]/TournamentDetailClient.tsx(1490,29): error TS17004: Cannot use JSX unless the '--jsx' flag is provided.
app/(main)/giai-dau/[id]/TournamentDetailClient.tsx(1498,33): error TS17004: Cannot use JSX unless the '--jsx' flag is provided.
app/(main)/giai-dau/[id]/TournamentDetailClient.tsx(1505,13): error TS17004: Cannot use JSX unless the '--jsx' flag is provided.
app/(main)/giai-dau/[id]/TournamentDetailClient.tsx(1506,17): error TS17004: Cannot use JSX unless the '--jsx' flag is provided.
app/(main)/giai-dau/[id]/TournamentDetailClient.tsx(1508,21): error TS17004: Cannot use JSX unless the '--jsx' flag is provided.
app/(main)/giai-dau/[id]/TournamentDetailClient.tsx(1509,25): error TS17004: Cannot use JSX unless the '--jsx' flag is provided.
app/(main)/giai-dau/[id]/TournamentDetailClient.tsx(1514,37): error TS17004: Cannot use JSX unless the '--jsx' flag is provided.
app/(main)/giai-dau/[id]/TournamentDetailClient.tsx(1519,41): error TS17004: Cannot use JSX unless the '--jsx' flag is provided.
app/(main)/giai-dau/[id]/TournamentDetailClient.tsx(1520,45): error TS17004: Cannot use JSX unless the '--jsx' flag is provided.
app/(main)/giai-dau/[id]/TournamentDetailClient.tsx(1522,41): error TS17004: Cannot use JSX unless the '--jsx' flag is provided.
app/(main)/giai-dau/[id]/TournamentDetailClient.tsx(1526,45): error TS17004: Cannot use JSX unless the '--jsx' flag is provided.
app/(main)/giai-dau/[id]/TournamentDetailClient.tsx(1538,21): error TS17004: Cannot use JSX unless the '--jsx' flag is provided.
app/(main)/giai-dau/[id]/TournamentDetailClient.tsx(1540,29): error TS17004: Cannot use JSX unless the '--jsx' flag is provided.
app/(main)/giai-dau/[id]/TournamentDetailClient.tsx(1545,33): error TS17004: Cannot use JSX unless the '--jsx' flag is provided.
app/(main)/giai-dau/[id]/TournamentDetailClient.tsx(1548,37): error TS17004: Cannot use JSX unless the '--jsx' flag is provided.
app/(main)/giai-dau/[id]/TournamentDetailClient.tsx(1558,21): error TS17004: Cannot use JSX unless the '--jsx' flag is provided.
app/(main)/giai-dau/[id]/TournamentDetailClient.tsx(1560,29): error TS17004: Cannot use JSX unless the '--jsx' flag is provided.
app/(main)/giai-dau/[id]/TournamentDetailClient.tsx(1561,33): error TS17004: Cannot use JSX unless the '--jsx' flag is provided.
app/(main)/giai-dau/[id]/TournamentDetailClient.tsx(1563,41): error TS17004: Cannot use JSX unless the '--jsx' flag is provided.
app/(main)/giai-dau/[id]/TournamentDetailClient.tsx(1564,45): error TS17004: Cannot use JSX unless the '--jsx' flag is provided.
app/(main)/giai-dau/[id]/TournamentDetailClient.tsx(1564,130): error TS17004: Cannot use JSX unless the '--jsx' flag is provided.
app/(main)/giai-dau/[id]/TournamentDetailClient.tsx(1565,45): error TS17004: Cannot use JSX unless the '--jsx' flag is provided.
app/(main)/giai-dau/[id]/TournamentDetailClient.tsx(1571,41): error TS17004: Cannot use JSX unless the '--jsx' flag is provided.
app/(main)/giai-dau/[id]/TournamentDetailClient.tsx(1572,45): error TS17004: Cannot use JSX unless the '--jsx' flag is provided.
app/(main)/giai-dau/[id]/TournamentDetailClient.tsx(1572,130): error TS17004: Cannot use JSX unless the '--jsx' flag is provided.
app/(main)/giai-dau/[id]/TournamentDetailClient.tsx(1573,45): error TS17004: Cannot use JSX unless the '--jsx' flag is provided.
app/(main)/giai-dau/[id]/TournamentDetailClient.tsx(1577,37): error TS17004: Cannot use JSX unless the '--jsx' flag is provided.
app/(main)/giai-dau/[id]/TournamentDetailClient.tsx(1578,41): error TS17004: Cannot use JSX unless the '--jsx' flag is provided.
app/(main)/giai-dau/[id]/TournamentDetailClient.tsx(1578,126): error TS17004: Cannot use JSX unless the '--jsx' flag is provided.
app/(main)/giai-dau/[id]/TournamentDetailClient.tsx(1579,41): error TS17004: Cannot use JSX unless the '--jsx' flag is provided.
app/(main)/giai-dau/[id]/TournamentDetailClient.tsx(1588,49): error TS17004: Cannot use JSX unless the '--jsx' flag is provided.
app/(main)/giai-dau/[id]/TournamentDetailClient.tsx(1589,53): error TS17004: Cannot use JSX unless the '--jsx' flag is provided.
app/(main)/giai-dau/[id]/TournamentDetailClient.tsx(1590,57): error TS17004: Cannot use JSX unless the '--jsx' flag is provided.
app/(main)/giai-dau/[id]/TournamentDetailClient.tsx(1591,57): error TS17004: Cannot use JSX unless the '--jsx' flag is provided.
app/(main)/giai-dau/[id]/TournamentDetailClient.tsx(1593,53): error TS17004: Cannot use JSX unless the '--jsx' flag is provided.
app/(main)/giai-dau/[id]/TournamentDetailClient.tsx(1600,37): error TS17004: Cannot use JSX unless the '--jsx' flag is provided.
app/(main)/giai-dau/[id]/TournamentDetailClient.tsx(1601,41): error TS17004: Cannot use JSX unless the '--jsx' flag is provided.
app/(main)/giai-dau/[id]/TournamentDetailClient.tsx(1601,126): error TS17004: Cannot use JSX unless the '--jsx' flag is provided.
app/(main)/giai-dau/[id]/TournamentDetailClient.tsx(1602,41): error TS17004: Cannot use JSX unless the '--jsx' flag is provided.
app/(main)/giai-dau/[id]/TournamentDetailClient.tsx(1609,49): error TS17004: Cannot use JSX unless the '--jsx' flag is provided.
app/(main)/giai-dau/[id]/TournamentDetailClient.tsx(1610,53): error TS17004: Cannot use JSX unless the '--jsx' flag is provided.
app/(main)/giai-dau/[id]/TournamentDetailClient.tsx(1611,57): error TS17004: Cannot use JSX unless the '--jsx' flag is provided.
app/(main)/giai-dau/[id]/TournamentDetailClient.tsx(1613,53): error TS17004: Cannot use JSX unless the '--jsx' flag is provided.
app/(main)/giai-dau/[id]/TournamentDetailClient.tsx(1614,57): error TS17004: Cannot use JSX unless the '--jsx' flag is provided.
app/(main)/giai-dau/[id]/TournamentDetailClient.tsx(1615,57): error TS17004: Cannot use JSX unless the '--jsx' flag is provided.
app/(main)/giai-dau/[id]/TournamentDetailClient.tsx(1624,33): error TS17004: Cannot use JSX unless the '--jsx' flag is provided.
app/(main)/giai-dau/[id]/TournamentDetailClient.tsx(1627,41): error TS17004: Cannot use JSX unless the '--jsx' flag is provided.
app/(main)/giai-dau/[id]/TournamentDetailClient.tsx(1632,45): error TS17004: Cannot use JSX unless the '--jsx' flag is provided.
app/(main)/giai-dau/[id]/TournamentDetailClient.tsx(1633,45): error TS17004: Cannot use JSX unless the '--jsx' flag is provided.
app/(main)/giai-dau/[id]/TournamentDetailClient.tsx(1634,45): error TS17004: Cannot use JSX unless the '--jsx' flag is provided.
app/(main)/giai-dau/[id]/TournamentDetailClient.tsx(1635,49): error TS17004: Cannot use JSX unless the '--jsx' flag is provided.
app/(main)/giai-dau/[id]/TournamentDetailClient.tsx(1636,53): error TS17004: Cannot use JSX unless the '--jsx' flag is provided.
app/(main)/giai-dau/[id]/TournamentDetailClient.tsx(1638,49): error TS17004: Cannot use JSX unless the '--jsx' flag is provided.
app/(main)/giai-dau/[id]/TournamentDetailClient.tsx(1639,49): error TS17004: Cannot use JSX unless the '--jsx' flag is provided.
app/(main)/giai-dau/[id]/TournamentDetailClient.tsx(1641,49): error TS17004: Cannot use JSX unless the '--jsx' flag is provided.
app/(main)/giai-dau/[id]/TournamentDetailClient.tsx(1642,53): error TS17004: Cannot use JSX unless the '--jsx' flag is provided.
app/(main)/giai-dau/[id]/TournamentDetailClient.tsx(1643,57): error TS17004: Cannot use JSX unless the '--jsx' flag is provided.
app/(main)/giai-dau/[id]/TournamentDetailClient.tsx(1644,57): error TS17004: Cannot use JSX unless the '--jsx' flag is provided.
app/(main)/giai-dau/[id]/TournamentDetailClient.tsx(1646,53): error TS17004: Cannot use JSX unless the '--jsx' flag is provided.
app/(main)/giai-dau/[id]/TournamentDetailClient.tsx(1647,57): error TS17004: Cannot use JSX unless the '--jsx' flag is provided.
app/(main)/giai-dau/[id]/TournamentDetailClient.tsx(1650,57): error TS17004: Cannot use JSX unless the '--jsx' flag is provided.
app/(main)/giai-dau/[id]/TournamentDetailClient.tsx(1651,61): error TS17004: Cannot use JSX unless the '--jsx' flag is provided.
app/(main)/giai-dau/[id]/TournamentDetailClient.tsx(1652,61): error TS17004: Cannot use JSX unless the '--jsx' flag is provided.
app/(main)/giai-dau/[id]/TournamentDetailClient.tsx(1656,57): error TS17004: Cannot use JSX unless the '--jsx' flag is provided.
app/(main)/giai-dau/[id]/TournamentDetailClient.tsx(1657,61): error TS17004: Cannot use JSX unless the '--jsx' flag is provided.
app/(main)/giai-dau/[id]/TournamentDetailClient.tsx(1658,61): error TS17004: Cannot use JSX unless the '--jsx' flag is provided.
app/(main)/giai-dau/[id]/TournamentDetailClient.tsx(1663,49): error TS17004: Cannot use JSX unless the '--jsx' flag is provided.
app/(main)/giai-dau/[id]/TournamentDetailClient.tsx(1667,53): error TS17004: Cannot use JSX unless the '--jsx' flag is provided.
app/(main)/giai-dau/[id]/TournamentDetailClient.tsx(1676,41): error TS17004: Cannot use JSX unless the '--jsx' flag is provided.
app/(main)/giai-dau/[id]/TournamentDetailClient.tsx(1677,45): error TS17004: Cannot use JSX unless the '--jsx' flag is provided.
app/(main)/giai-dau/[id]/TournamentDetailClient.tsx(1679,55): error TS17004: Cannot use JSX unless the '--jsx' flag is provided.
app/(main)/giai-dau/[id]/TournamentDetailClient.tsx(1680,55): error TS17004: Cannot use JSX unless the '--jsx' flag is provided.
app/(main)/giai-dau/[id]/TournamentDetailClient.tsx(1682,49): error TS17004: Cannot use JSX unless the '--jsx' flag is provided.
app/(main)/giai-dau/[id]/TournamentDetailClient.tsx(1686,45): error TS17004: Cannot use JSX unless the '--jsx' flag is provided.
app/(main)/giai-dau/[id]/TournamentDetailClient.tsx(1695,41): error TS17004: Cannot use JSX unless the '--jsx' flag is provided.
app/(main)/giai-dau/[id]/TournamentDetailClient.tsx(1696,45): error TS17004: Cannot use JSX unless the '--jsx' flag is provided.
app/(main)/giai-dau/[id]/TournamentDetailClient.tsx(1696,130): error TS17004: Cannot use JSX unless the '--jsx' flag is provided.
app/(main)/giai-dau/[id]/TournamentDetailClient.tsx(1697,45): error TS17004: Cannot use JSX unless the '--jsx' flag is provided.
app/(main)/giai-dau/[id]/TournamentDetailClient.tsx(1699,53): error TS17004: Cannot use JSX unless the '--jsx' flag is provided.
app/(main)/giai-dau/[id]/TournamentDetailClient.tsx(1700,57): error TS17004: Cannot use JSX unless the '--jsx' flag is provided.
app/(main)/giai-dau/[id]/TournamentDetailClient.tsx(1701,57): error TS17004: Cannot use JSX unless the '--jsx' flag is provided.
app/(main)/giai-dau/[id]/TournamentDetailClient.tsx(1709,37): error TS17004: Cannot use JSX unless the '--jsx' flag is provided.
app/(main)/giai-dau/[id]/TournamentDetailClient.tsx(1710,41): error TS17004: Cannot use JSX unless the '--jsx' flag is provided.
app/(main)/giai-dau/[id]/TournamentDetailClient.tsx(1710,126): error TS17004: Cannot use JSX unless the '--jsx' flag is provided.
app/(main)/giai-dau/[id]/TournamentDetailClient.tsx(1711,41): error TS17004: Cannot use JSX unless the '--jsx' flag is provided.
app/(main)/giai-dau/[id]/TournamentDetailClient.tsx(1713,49): error TS17004: Cannot use JSX unless the '--jsx' flag is provided.
app/(main)/giai-dau/[id]/TournamentDetailClient.tsx(1714,53): error TS17004: Cannot use JSX unless the '--jsx' flag is provided.
app/(main)/giai-dau/[id]/TournamentDetailClient.tsx(1715,53): error TS17004: Cannot use JSX unless the '--jsx' flag is provided.
app/(main)/giai-dau/[id]/TournamentDetailClient.tsx(1718,45): error TS17004: Cannot use JSX unless the '--jsx' flag is provided.
app/(main)/giai-dau/[id]/TournamentDetailClient.tsx(1719,49): error TS17004: Cannot use JSX unless the '--jsx' flag is provided.
app/(main)/giai-dau/[id]/TournamentDetailClient.tsx(1720,49): error TS17004: Cannot use JSX unless the '--jsx' flag is provided.
app/(main)/giai-dau/[id]/TournamentDetailClient.tsx(1723,49): error TS17004: Cannot use JSX unless the '--jsx' flag is provided.
app/(main)/giai-dau/[id]/TournamentDetailClient.tsx(1724,53): error TS17004: Cannot use JSX unless the '--jsx' flag is provided.
app/(main)/giai-dau/[id]/TournamentDetailClient.tsx(1725,53): error TS17004: Cannot use JSX unless the '--jsx' flag is provided.
app/(main)/giai-dau/[id]/TournamentDetailClient.tsx(1728,45): error TS17004: Cannot use JSX unless the '--jsx' flag is provided.
app/(main)/giai-dau/[id]/TournamentDetailClient.tsx(1729,49): error TS17004: Cannot use JSX unless the '--jsx' flag is provided.
app/(main)/giai-dau/[id]/TournamentDetailClient.tsx(1730,49): error TS17004: Cannot use JSX unless the '--jsx' flag is provided.
app/(main)/giai-dau/[id]/TournamentDetailClient.tsx(1739,29): error TS17004: Cannot use JSX unless the '--jsx' flag is provided.
app/(main)/giai-dau/[id]/TournamentDetailClient.tsx(1741,33): error TS17004: Cannot use JSX unless the '--jsx' flag is provided.
app/(main)/giai-dau/[id]/TournamentDetailClient.tsx(1742,37): error TS17004: Cannot use JSX unless the '--jsx' flag is provided.
app/(main)/giai-dau/[id]/TournamentDetailClient.tsx(1743,37): error TS17004: Cannot use JSX unless the '--jsx' flag is provided.
app/(main)/giai-dau/[id]/TournamentDetailClient.tsx(1744,37): error TS17004: Cannot use JSX unless the '--jsx' flag is provided.
app/(main)/giai-dau/[id]/TournamentDetailClient.tsx(1751,37): error TS17004: Cannot use JSX unless the '--jsx' flag is provided.
app/(main)/giai-dau/[id]/TournamentDetailClient.tsx(1756,41): error TS17004: Cannot use JSX unless the '--jsx' flag is provided.
app/(main)/giai-dau/[id]/TournamentDetailClient.tsx(1757,41): error TS17004: Cannot use JSX unless the '--jsx' flag is provided.
app/(main)/giai-dau/[id]/TournamentDetailClient.tsx(1760,33): error TS17004: Cannot use JSX unless the '--jsx' flag is provided.
app/(main)/giai-dau/[id]/TournamentDetailClient.tsx(1761,37): error TS17004: Cannot use JSX unless the '--jsx' flag is provided.
app/(main)/giai-dau/[id]/TournamentDetailClient.tsx(1762,37): error TS17004: Cannot use JSX unless the '--jsx' flag is provided.
app/(main)/giai-dau/[id]/TournamentDetailClient.tsx(1770,49): error TS17004: Cannot use JSX unless the '--jsx' flag is provided.
app/(main)/giai-dau/[id]/TournamentDetailClient.tsx(1771,53): error TS17004: Cannot use JSX unless the '--jsx' flag is provided.
app/(main)/giai-dau/[id]/TournamentDetailClient.tsx(1772,57): error TS17004: Cannot use JSX unless the '--jsx' flag is provided.
app/(main)/giai-dau/[id]/TournamentDetailClient.tsx(1773,61): error TS17004: Cannot use JSX unless the '--jsx' flag is provided.
app/(main)/giai-dau/[id]/TournamentDetailClient.tsx(1774,65): error TS17004: Cannot use JSX unless the '--jsx' flag is provided.
app/(main)/giai-dau/[id]/TournamentDetailClient.tsx(1777,57): error TS17004: Cannot use JSX unless the '--jsx' flag is provided.
app/(main)/giai-dau/[id]/TournamentDetailClient.tsx(1792,69): error TS17004: Cannot use JSX unless the '--jsx' flag is provided.
app/(main)/giai-dau/[id]/TournamentDetailClient.tsx(1801,73): error TS17004: Cannot use JSX unless the '--jsx' flag is provided.
app/(main)/giai-dau/[id]/TournamentDetailClient.tsx(1810,81): error TS17004: Cannot use JSX unless the '--jsx' flag is provided.
app/(main)/giai-dau/[id]/TournamentDetailClient.tsx(1812,85): error TS17004: Cannot use JSX unless the '--jsx' flag is provided.
app/(main)/giai-dau/[id]/TournamentDetailClient.tsx(1822,85): error TS17004: Cannot use JSX unless the '--jsx' flag is provided.
app/(main)/giai-dau/[id]/TournamentDetailClient.tsx(1836,89): error TS17004: Cannot use JSX unless the '--jsx' flag is provided.
app/(main)/giai-dau/[id]/TournamentDetailClient.tsx(1852,77): error TS17004: Cannot use JSX unless the '--jsx' flag is provided.
app/(main)/giai-dau/[id]/TournamentDetailClient.tsx(1867,53): error TS17004: Cannot use JSX unless the '--jsx' flag is provided.
app/(main)/giai-dau/[id]/TournamentDetailClient.tsx(1875,25): error TS17004: Cannot use JSX unless the '--jsx' flag is provided.
app/(main)/giai-dau/[id]/TournamentDetailClient.tsx(1877,33): error TS17004: Cannot use JSX unless the '--jsx' flag is provided.
app/(main)/giai-dau/[id]/TournamentDetailClient.tsx(1884,37): error TS17004: Cannot use JSX unless the '--jsx' flag is provided.
app/(main)/giai-dau/[id]/TournamentDetailClient.tsx(1885,41): error TS17004: Cannot use JSX unless the '--jsx' flag is provided.
app/(main)/giai-dau/[id]/TournamentDetailClient.tsx(1886,45): error TS17004: Cannot use JSX unless the '--jsx' flag is provided.
app/(main)/giai-dau/[id]/TournamentDetailClient.tsx(1887,45): error TS17004: Cannot use JSX unless the '--jsx' flag is provided.
app/(main)/giai-dau/[id]/TournamentDetailClient.tsx(1888,49): error TS17004: Cannot use JSX unless the '--jsx' flag is provided.
app/(main)/giai-dau/[id]/TournamentDetailClient.tsx(1889,49): error TS17004: Cannot use JSX unless the '--jsx' flag is provided.
app/(main)/giai-dau/[id]/TournamentDetailClient.tsx(1892,41): error TS17004: Cannot use JSX unless the '--jsx' flag is provided.
app/(main)/giai-dau/[id]/TournamentDetailClient.tsx(1893,45): error TS17004: Cannot use JSX unless the '--jsx' flag is provided.
app/(main)/giai-dau/[id]/TournamentDetailClient.tsx(1894,49): error TS17004: Cannot use JSX unless the '--jsx' flag is provided.
app/(main)/giai-dau/[id]/TournamentDetailClient.tsx(1895,49): error TS17004: Cannot use JSX unless the '--jsx' flag is provided.
app/(main)/giai-dau/[id]/TournamentDetailClient.tsx(1902,45): error TS17004: Cannot use JSX unless the '--jsx' flag is provided.
app/(main)/giai-dau/[id]/TournamentDetailClient.tsx(1907,49): error TS17004: Cannot use JSX unless the '--jsx' flag is provided.
app/(main)/giai-dau/[id]/TournamentDetailClient.tsx(1908,49): error TS17004: Cannot use JSX unless the '--jsx' flag is provided.
app/(main)/giai-dau/[id]/TournamentDetailClient.tsx(1913,37): error TS17004: Cannot use JSX unless the '--jsx' flag is provided.
app/(main)/giai-dau/[id]/TournamentDetailClient.tsx(1914,41): error TS17004: Cannot use JSX unless the '--jsx' flag is provided.
app/(main)/giai-dau/[id]/TournamentDetailClient.tsx(1915,41): error TS17004: Cannot use JSX unless the '--jsx' flag is provided.
app/(main)/giai-dau/[id]/TournamentDetailClient.tsx(1922,53): error TS17004: Cannot use JSX unless the '--jsx' flag is provided.
app/(main)/giai-dau/[id]/TournamentDetailClient.tsx(1923,57): error TS17004: Cannot use JSX unless the '--jsx' flag is provided.
app/(main)/giai-dau/[id]/TournamentDetailClient.tsx(1924,61): error TS17004: Cannot use JSX unless the '--jsx' flag is provided.
app/(main)/giai-dau/[id]/TournamentDetailClient.tsx(1925,65): error TS17004: Cannot use JSX unless the '--jsx' flag is provided.
app/(main)/giai-dau/[id]/TournamentDetailClient.tsx(1926,69): error TS17004: Cannot use JSX unless the '--jsx' flag is provided.
app/(main)/giai-dau/[id]/TournamentDetailClient.tsx(1929,61): error TS17004: Cannot use JSX unless the '--jsx' flag is provided.
app/(main)/giai-dau/[id]/TournamentDetailClient.tsx(1941,73): error TS17004: Cannot use JSX unless the '--jsx' flag is provided.
app/(main)/giai-dau/[id]/TournamentDetailClient.tsx(1946,77): error TS17004: Cannot use JSX unless the '--jsx' flag is provided.
app/(main)/giai-dau/[id]/TournamentDetailClient.tsx(1952,85): error TS17004: Cannot use JSX unless the '--jsx' flag is provided.
app/(main)/giai-dau/[id]/TournamentDetailClient.tsx(1953,89): error TS17004: Cannot use JSX unless the '--jsx' flag is provided.
app/(main)/giai-dau/[id]/TournamentDetailClient.tsx(1954,89): error TS17004: Cannot use JSX unless the '--jsx' flag is provided.
app/(main)/giai-dau/[id]/TournamentDetailClient.tsx(1955,99): error TS17004: Cannot use JSX unless the '--jsx' flag is provided.
app/(main)/giai-dau/[id]/TournamentDetailClient.tsx(1959,92): error TS17004: Cannot use JSX unless the '--jsx' flag is provided.
app/(main)/giai-dau/[id]/TournamentDetailClient.tsx(1965,57): error TS17004: Cannot use JSX unless the '--jsx' flag is provided.
app/(main)/giai-dau/[id]/TournamentDetailClient.tsx(1978,29): error TS17004: Cannot use JSX unless the '--jsx' flag is provided.
app/(main)/giai-dau/[id]/TournamentDetailClient.tsx(1980,33): error TS17004: Cannot use JSX unless the '--jsx' flag is provided.
app/(main)/giai-dau/[id]/TournamentDetailClient.tsx(1981,37): error TS17004: Cannot use JSX unless the '--jsx' flag is provided.
app/(main)/giai-dau/[id]/TournamentDetailClient.tsx(1982,41): error TS17004: Cannot use JSX unless the '--jsx' flag is provided.
app/(main)/giai-dau/[id]/TournamentDetailClient.tsx(1983,41): error TS17004: Cannot use JSX unless the '--jsx' flag is provided.
app/(main)/giai-dau/[id]/TournamentDetailClient.tsx(1985,37): error TS17004: Cannot use JSX unless the '--jsx' flag is provided.
app/(main)/giai-dau/[id]/TournamentDetailClient.tsx(1986,41): error TS17004: Cannot use JSX unless the '--jsx' flag is provided.
app/(main)/giai-dau/[id]/TournamentDetailClient.tsx(1987,45): error TS17004: Cannot use JSX unless the '--jsx' flag is provided.
app/(main)/giai-dau/[id]/TournamentDetailClient.tsx(1988,45): error TS17004: Cannot use JSX unless the '--jsx' flag is provided.
app/(main)/giai-dau/[id]/TournamentDetailClient.tsx(1996,45): error TS17004: Cannot use JSX unless the '--jsx' flag is provided.
app/(main)/giai-dau/[id]/TournamentDetailClient.tsx(2007,33): error TS17004: Cannot use JSX unless the '--jsx' flag is provided.
app/(main)/giai-dau/[id]/TournamentDetailClient.tsx(2009,41): error TS17004: Cannot use JSX unless the '--jsx' flag is provided.
app/(main)/giai-dau/[id]/TournamentDetailClient.tsx(2010,45): error TS17004: Cannot use JSX unless the '--jsx' flag is provided.
app/(main)/giai-dau/[id]/TournamentDetailClient.tsx(2011,45): error TS17004: Cannot use JSX unless the '--jsx' flag is provided.
app/(main)/giai-dau/[id]/TournamentDetailClient.tsx(2028,41): error TS17004: Cannot use JSX unless the '--jsx' flag is provided.
app/(main)/giai-dau/[id]/TournamentDetailClient.tsx(2029,45): error TS17004: Cannot use JSX unless the '--jsx' flag is provided.
app/(main)/giai-dau/[id]/TournamentDetailClient.tsx(2030,49): error TS17004: Cannot use JSX unless the '--jsx' flag is provided.
app/(main)/giai-dau/[id]/TournamentDetailClient.tsx(2031,53): error TS17004: Cannot use JSX unless the '--jsx' flag is provided.
app/(main)/giai-dau/[id]/TournamentDetailClient.tsx(2032,57): error TS17004: Cannot use JSX unless the '--jsx' flag is provided.
app/(main)/giai-dau/[id]/TournamentDetailClient.tsx(2033,57): error TS17004: Cannot use JSX unless the '--jsx' flag is provided.
app/(main)/giai-dau/[id]/TournamentDetailClient.tsx(2034,57): error TS17004: Cannot use JSX unless the '--jsx' flag is provided.
app/(main)/giai-dau/[id]/TournamentDetailClient.tsx(2036,61): error TS17004: Cannot use JSX unless the '--jsx' flag is provided.
app/(main)/giai-dau/[id]/TournamentDetailClient.tsx(2037,65): error TS17004: Cannot use JSX unless the '--jsx' flag is provided.
app/(main)/giai-dau/[id]/TournamentDetailClient.tsx(2038,65): error TS17004: Cannot use JSX unless the '--jsx' flag is provided.
app/(main)/giai-dau/[id]/TournamentDetailClient.tsx(2041,61): error TS17004: Cannot use JSX unless the '--jsx' flag is provided.
app/(main)/giai-dau/[id]/TournamentDetailClient.tsx(2042,65): error TS17004: Cannot use JSX unless the '--jsx' flag is provided.
app/(main)/giai-dau/[id]/TournamentDetailClient.tsx(2043,65): error TS17004: Cannot use JSX unless the '--jsx' flag is provided.
app/(main)/giai-dau/[id]/TournamentDetailClient.tsx(2044,65): error TS17004: Cannot use JSX unless the '--jsx' flag is provided.
app/(main)/giai-dau/[id]/TournamentDetailClient.tsx(2045,65): error TS17004: Cannot use JSX unless the '--jsx' flag is provided.
app/(main)/giai-dau/[id]/TournamentDetailClient.tsx(2046,65): error TS17004: Cannot use JSX unless the '--jsx' flag is provided.
app/(main)/giai-dau/[id]/TournamentDetailClient.tsx(2049,71): error TS17004: Cannot use JSX unless the '--jsx' flag is provided.
app/(main)/giai-dau/[id]/TournamentDetailClient.tsx(2050,57): error TS17004: Cannot use JSX unless the '--jsx' flag is provided.
app/(main)/giai-dau/[id]/TournamentDetailClient.tsx(2053,49): error TS17004: Cannot use JSX unless the '--jsx' flag is provided.
app/(main)/giai-dau/[id]/TournamentDetailClient.tsx(2077,61): error TS17004: Cannot use JSX unless the '--jsx' flag is provided.
app/(main)/giai-dau/[id]/TournamentDetailClient.tsx(2084,65): error TS17004: Cannot use JSX unless the '--jsx' flag is provided.
app/(main)/giai-dau/[id]/TournamentDetailClient.tsx(2086,73): error TS17004: Cannot use JSX unless the '--jsx' flag is provided.
app/(main)/giai-dau/[id]/TournamentDetailClient.tsx(2088,73): error TS17004: Cannot use JSX unless the '--jsx' flag is provided.
app/(main)/giai-dau/[id]/TournamentDetailClient.tsx(2090,73): error TS17004: Cannot use JSX unless the '--jsx' flag is provided.
app/(main)/giai-dau/[id]/TournamentDetailClient.tsx(2093,65): error TS17004: Cannot use JSX unless the '--jsx' flag is provided.
app/(main)/giai-dau/[id]/TournamentDetailClient.tsx(2095,73): error TS17004: Cannot use JSX unless the '--jsx' flag is provided.
app/(main)/giai-dau/[id]/TournamentDetailClient.tsx(2097,73): error TS17004: Cannot use JSX unless the '--jsx' flag is provided.
app/(main)/giai-dau/[id]/TournamentDetailClient.tsx(2101,77): error TS17004: Cannot use JSX unless the '--jsx' flag is provided.
app/(main)/giai-dau/[id]/TournamentDetailClient.tsx(2103,77): error TS17004: Cannot use JSX unless the '--jsx' flag is provided.
app/(main)/giai-dau/[id]/TournamentDetailClient.tsx(2107,65): error TS17004: Cannot use JSX unless the '--jsx' flag is provided.
app/(main)/giai-dau/[id]/TournamentDetailClient.tsx(2108,69): error TS17004: Cannot use JSX unless the '--jsx' flag is provided.
app/(main)/giai-dau/[id]/TournamentDetailClient.tsx(2109,73): error TS17004: Cannot use JSX unless the '--jsx' flag is provided.
app/(main)/giai-dau/[id]/TournamentDetailClient.tsx(2110,90): error TS17004: Cannot use JSX unless the '--jsx' flag is provided.
app/(main)/giai-dau/[id]/TournamentDetailClient.tsx(2110,162): error TS17004: Cannot use JSX unless the '--jsx' flag is provided.
app/(main)/giai-dau/[id]/TournamentDetailClient.tsx(2112,73): error TS17004: Cannot use JSX unless the '--jsx' flag is provided.
app/(main)/giai-dau/[id]/TournamentDetailClient.tsx(2113,77): error TS17004: Cannot use JSX unless the '--jsx' flag is provided.
app/(main)/giai-dau/[id]/TournamentDetailClient.tsx(2114,81): error TS17004: Cannot use JSX unless the '--jsx' flag is provided.
app/(main)/giai-dau/[id]/TournamentDetailClient.tsx(2115,100): error TS17004: Cannot use JSX unless the '--jsx' flag is provided.
app/(main)/giai-dau/[id]/TournamentDetailClient.tsx(2118,81): error TS17004: Cannot use JSX unless the '--jsx' flag is provided.
app/(main)/giai-dau/[id]/TournamentDetailClient.tsx(2120,77): error TS17004: Cannot use JSX unless the '--jsx' flag is provided.
app/(main)/giai-dau/[id]/TournamentDetailClient.tsx(2125,69): error TS17004: Cannot use JSX unless the '--jsx' flag is provided.
app/(main)/giai-dau/[id]/TournamentDetailClient.tsx(2126,73): error TS17004: Cannot use JSX unless the '--jsx' flag is provided.
app/(main)/giai-dau/[id]/TournamentDetailClient.tsx(2127,77): error TS17004: Cannot use JSX unless the '--jsx' flag is provided.
app/(main)/giai-dau/[id]/TournamentDetailClient.tsx(2131,73): error TS17004: Cannot use JSX unless the '--jsx' flag is provided.
app/(main)/giai-dau/[id]/TournamentDetailClient.tsx(2132,77): error TS17004: Cannot use JSX unless the '--jsx' flag is provided.
app/(main)/giai-dau/[id]/TournamentDetailClient.tsx(2138,69): error TS17004: Cannot use JSX unless the '--jsx' flag is provided.
app/(main)/giai-dau/[id]/TournamentDetailClient.tsx(2139,73): error TS17004: Cannot use JSX unless the '--jsx' flag is provided.
app/(main)/giai-dau/[id]/TournamentDetailClient.tsx(2140,73): error TS17004: Cannot use JSX unless the '--jsx' flag is provided.
app/(main)/giai-dau/[id]/TournamentDetailClient.tsx(2141,73): error TS17004: Cannot use JSX unless the '--jsx' flag is provided.
app/(main)/giai-dau/[id]/TournamentDetailClient.tsx(2142,73): error TS17004: Cannot use JSX unless the '--jsx' flag is provided.
app/(main)/giai-dau/[id]/TournamentDetailClient.tsx(2143,73): error TS17004: Cannot use JSX unless the '--jsx' flag is provided.
app/(main)/giai-dau/[id]/TournamentDetailClient.tsx(2144,77): error TS17004: Cannot use JSX unless the '--jsx' flag is provided.
app/(main)/giai-dau/[id]/TournamentDetailClient.tsx(2151,69): error TS17004: Cannot use JSX unless the '--jsx' flag is provided.
app/(main)/giai-dau/[id]/TournamentDetailClient.tsx(2152,73): error TS17004: Cannot use JSX unless the '--jsx' flag is provided.
app/(main)/giai-dau/[id]/TournamentDetailClient.tsx(2161,65): error TS17004: Cannot use JSX unless the '--jsx' flag is provided.
app/(main)/giai-dau/[id]/TournamentDetailClient.tsx(2163,73): error TS17004: Cannot use JSX unless the '--jsx' flag is provided.
app/(main)/giai-dau/[id]/TournamentDetailClient.tsx(2169,77): error TS17004: Cannot use JSX unless the '--jsx' flag is provided.
app/(main)/giai-dau/[id]/TournamentDetailClient.tsx(2172,73): error TS17004: Cannot use JSX unless the '--jsx' flag is provided.
app/(main)/giai-dau/[id]/TournamentDetailClient.tsx(2185,41): error TS17004: Cannot use JSX unless the '--jsx' flag is provided.
app/(main)/giai-dau/[id]/TournamentDetailClient.tsx(2186,45): error TS17004: Cannot use JSX unless the '--jsx' flag is provided.
app/(main)/giai-dau/[id]/TournamentDetailClient.tsx(2187,45): error TS17004: Cannot use JSX unless the '--jsx' flag is provided.
app/(main)/giai-dau/[id]/TournamentDetailClient.tsx(2193,41): error TS17004: Cannot use JSX unless the '--jsx' flag is provided.
app/(main)/giai-dau/[id]/TournamentDetailClient.tsx(2194,45): error TS17004: Cannot use JSX unless the '--jsx' flag is provided.
app/(main)/giai-dau/[id]/TournamentDetailClient.tsx(2197,45): error TS17004: Cannot use JSX unless the '--jsx' flag is provided.
app/(main)/giai-dau/[id]/TournamentDetailClient.tsx(2198,49): error TS17004: Cannot use JSX unless the '--jsx' flag is provided.
app/(main)/giai-dau/[id]/TournamentDetailClient.tsx(2206,53): error TS17004: Cannot use JSX unless the '--jsx' flag is provided.
app/(main)/giai-dau/[id]/TournamentDetailClient.tsx(2217,49): error TS17004: Cannot use JSX unless the '--jsx' flag is provided.
app/(main)/giai-dau/[id]/TournamentDetailClient.tsx(2246,33): error TS17004: Cannot use JSX unless the '--jsx' flag is provided.
app/(main)/giai-dau/[id]/TournamentDetailClient.tsx(2248,37): error TS17004: Cannot use JSX unless the '--jsx' flag is provided.
app/(main)/giai-dau/[id]/TournamentDetailClient.tsx(2249,41): error TS17004: Cannot use JSX unless the '--jsx' flag is provided.
app/(main)/giai-dau/[id]/TournamentDetailClient.tsx(2250,45): error TS17004: Cannot use JSX unless the '--jsx' flag is provided.
app/(main)/giai-dau/[id]/TournamentDetailClient.tsx(2251,49): error TS17004: Cannot use JSX unless the '--jsx' flag is provided.
app/(main)/giai-dau/[id]/TournamentDetailClient.tsx(2253,45): error TS17004: Cannot use JSX unless the '--jsx' flag is provided.
app/(main)/giai-dau/[id]/TournamentDetailClient.tsx(2255,67): error TS17004: Cannot use JSX unless the '--jsx' flag is provided.
app/(main)/giai-dau/[id]/TournamentDetailClient.tsx(2258,41): error TS17004: Cannot use JSX unless the '--jsx' flag is provided.
app/(main)/giai-dau/[id]/TournamentDetailClient.tsx(2259,45): error TS17004: Cannot use JSX unless the '--jsx' flag is provided.
app/(main)/giai-dau/[id]/TournamentDetailClient.tsx(2260,45): error TS17004: Cannot use JSX unless the '--jsx' flag is provided.
app/(main)/giai-dau/[id]/TournamentDetailClient.tsx(2261,63): error TS17004: Cannot use JSX unless the '--jsx' flag is provided.
app/(main)/giai-dau/[id]/TournamentDetailClient.tsx(2261,233): error TS17004: Cannot use JSX unless the '--jsx' flag is provided.
app/(main)/giai-dau/[id]/TournamentDetailClient.tsx(2266,37): error TS17004: Cannot use JSX unless the '--jsx' flag is provided.
app/(main)/giai-dau/[id]/TournamentDetailClient.tsx(2273,45): error TS17004: Cannot use JSX unless the '--jsx' flag is provided.
app/(main)/giai-dau/[id]/TournamentDetailClient.tsx(2274,59): error TS17004: Cannot use JSX unless the '--jsx' flag is provided.
app/(main)/giai-dau/[id]/TournamentDetailClient.tsx(2280,37): error TS17004: Cannot use JSX unless the '--jsx' flag is provided.
app/(main)/giai-dau/[id]/TournamentDetailClient.tsx(2281,41): error TS17004: Cannot use JSX unless the '--jsx' flag is provided.
app/(main)/giai-dau/[id]/TournamentDetailClient.tsx(2282,45): error TS17004: Cannot use JSX unless the '--jsx' flag is provided.
app/(main)/giai-dau/[id]/TournamentDetailClient.tsx(2283,49): error TS17004: Cannot use JSX unless the '--jsx' flag is provided.
app/(main)/giai-dau/[id]/TournamentDetailClient.tsx(2284,49): error TS17004: Cannot use JSX unless the '--jsx' flag is provided.
app/(main)/giai-dau/[id]/TournamentDetailClient.tsx(2284,66): error TS17004: Cannot use JSX unless the '--jsx' flag is provided.
app/(main)/giai-dau/[id]/TournamentDetailClient.tsx(2286,45): error TS17004: Cannot use JSX unless the '--jsx' flag is provided.
app/(main)/giai-dau/[id]/TournamentDetailClient.tsx(2288,41): error TS17004: Cannot use JSX unless the '--jsx' flag is provided.
app/(main)/giai-dau/[id]/TournamentDetailClient.tsx(2289,45): error TS17004: Cannot use JSX unless the '--jsx' flag is provided.
app/(main)/giai-dau/[id]/TournamentDetailClient.tsx(2289,101): error TS17004: Cannot use JSX unless the '--jsx' flag is provided.
app/(main)/giai-dau/[id]/TournamentDetailClient.tsx(2290,45): error TS17004: Cannot use JSX unless the '--jsx' flag is provided.
app/(main)/giai-dau/[id]/TournamentDetailClient.tsx(2290,101): error TS17004: Cannot use JSX unless the '--jsx' flag is provided.
app/(main)/giai-dau/[id]/TournamentDetailClient.tsx(2291,45): error TS17004: Cannot use JSX unless the '--jsx' flag is provided.
app/(main)/giai-dau/[id]/TournamentDetailClient.tsx(2291,101): error TS17004: Cannot use JSX unless the '--jsx' flag is provided.
app/(main)/giai-dau/[id]/TournamentDetailClient.tsx(2296,37): error TS17004: Cannot use JSX unless the '--jsx' flag is provided.
app/(main)/giai-dau/[id]/TournamentDetailClient.tsx(2298,45): error TS17004: Cannot use JSX unless the '--jsx' flag is provided.
app/(main)/giai-dau/[id]/TournamentDetailClient.tsx(2299,49): error TS17004: Cannot use JSX unless the '--jsx' flag is provided.
app/(main)/giai-dau/[id]/TournamentDetailClient.tsx(2300,49): error TS17004: Cannot use JSX unless the '--jsx' flag is provided.
app/(main)/giai-dau/[id]/TournamentDetailClient.tsx(2301,49): error TS17004: Cannot use JSX unless the '--jsx' flag is provided.
app/(main)/giai-dau/[id]/TournamentDetailClient.tsx(2303,46): error TS17004: Cannot use JSX unless the '--jsx' flag is provided.
app/(main)/giai-dau/[id]/TournamentDetailClient.tsx(2305,45): error TS17004: Cannot use JSX unless the '--jsx' flag is provided.
app/(main)/giai-dau/[id]/TournamentDetailClient.tsx(2309,57): error TS17004: Cannot use JSX unless the '--jsx' flag is provided.
app/(main)/giai-dau/[id]/TournamentDetailClient.tsx(2310,61): error TS17004: Cannot use JSX unless the '--jsx' flag is provided.
app/(main)/giai-dau/[id]/TournamentDetailClient.tsx(2311,65): error TS17004: Cannot use JSX unless the '--jsx' flag is provided.
app/(main)/giai-dau/[id]/TournamentDetailClient.tsx(2312,65): error TS17004: Cannot use JSX unless the '--jsx' flag is provided.
app/(main)/giai-dau/[id]/TournamentDetailClient.tsx(2314,61): error TS17004: Cannot use JSX unless the '--jsx' flag is provided.
app/(main)/giai-dau/[id]/TournamentDetailClient.tsx(2315,65): error TS17004: Cannot use JSX unless the '--jsx' flag is provided.
app/(main)/giai-dau/[id]/TournamentDetailClient.tsx(2316,65): error TS17004: Cannot use JSX unless the '--jsx' flag is provided.
app/(main)/giai-dau/[id]/TournamentDetailClient.tsx(2317,65): error TS17004: Cannot use JSX unless the '--jsx' flag is provided.
app/(main)/giai-dau/[id]/TournamentDetailClient.tsx(2318,65): error TS17004: Cannot use JSX unless the '--jsx' flag is provided.
app/(main)/giai-dau/[id]/TournamentDetailClient.tsx(2319,65): error TS17004: Cannot use JSX unless the '--jsx' flag is provided.
app/(main)/giai-dau/[id]/TournamentDetailClient.tsx(2320,65): error TS17004: Cannot use JSX unless the '--jsx' flag is provided.
app/(main)/giai-dau/[id]/TournamentDetailClient.tsx(2322,61): error TS17004: Cannot use JSX unless the '--jsx' flag is provided.
app/(main)/giai-dau/[id]/TournamentDetailClient.tsx(2335,73): error TS17004: Cannot use JSX unless the '--jsx' flag is provided.
app/(main)/giai-dau/[id]/TournamentDetailClient.tsx(2336,77): error TS17004: Cannot use JSX unless the '--jsx' flag is provided.
app/(main)/giai-dau/[id]/TournamentDetailClient.tsx(2337,77): error TS17004: Cannot use JSX unless the '--jsx' flag is provided.
app/(main)/giai-dau/[id]/TournamentDetailClient.tsx(2338,81): error TS17004: Cannot use JSX unless the '--jsx' flag is provided.
app/(main)/giai-dau/[id]/TournamentDetailClient.tsx(2339,85): error TS17004: Cannot use JSX unless the '--jsx' flag is provided.
app/(main)/giai-dau/[id]/TournamentDetailClient.tsx(2340,115): error TS17004: Cannot use JSX unless the '--jsx' flag is provided.
app/(main)/giai-dau/[id]/TournamentDetailClient.tsx(2341,85): error TS17004: Cannot use JSX unless the '--jsx' flag is provided.
app/(main)/giai-dau/[id]/TournamentDetailClient.tsx(2343,81): error TS17004: Cannot use JSX unless the '--jsx' flag is provided.
app/(main)/giai-dau/[id]/TournamentDetailClient.tsx(2344,85): error TS17004: Cannot use JSX unless the '--jsx' flag is provided.
app/(main)/giai-dau/[id]/TournamentDetailClient.tsx(2345,115): error TS17004: Cannot use JSX unless the '--jsx' flag is provided.
app/(main)/giai-dau/[id]/TournamentDetailClient.tsx(2346,85): error TS17004: Cannot use JSX unless the '--jsx' flag is provided.
app/(main)/giai-dau/[id]/TournamentDetailClient.tsx(2349,77): error TS17004: Cannot use JSX unless the '--jsx' flag is provided.
app/(main)/giai-dau/[id]/TournamentDetailClient.tsx(2350,81): error TS17004: Cannot use JSX unless the '--jsx' flag is provided.
app/(main)/giai-dau/[id]/TournamentDetailClient.tsx(2351,85): error TS17004: Cannot use JSX unless the '--jsx' flag is provided.
app/(main)/giai-dau/[id]/TournamentDetailClient.tsx(2354,81): error TS17004: Cannot use JSX unless the '--jsx' flag is provided.
app/(main)/giai-dau/[id]/TournamentDetailClient.tsx(2355,85): error TS17004: Cannot use JSX unless the '--jsx' flag is provided.
app/(main)/giai-dau/[id]/TournamentDetailClient.tsx(2359,77): error TS17004: Cannot use JSX unless the '--jsx' flag is provided.
app/(main)/giai-dau/[id]/TournamentDetailClient.tsx(2361,85): error TS17004: Cannot use JSX unless the '--jsx' flag is provided.
app/(main)/giai-dau/[id]/TournamentDetailClient.tsx(2362,86): error TS17004: Cannot use JSX unless the '--jsx' flag is provided.
app/(main)/giai-dau/[id]/TournamentDetailClient.tsx(2364,77): error TS17004: Cannot use JSX unless the '--jsx' flag is provided.
app/(main)/giai-dau/[id]/TournamentDetailClient.tsx(2365,99): error TS17004: Cannot use JSX unless the '--jsx' flag is provided.
app/(main)/giai-dau/[id]/TournamentDetailClient.tsx(2365,143): error TS17004: Cannot use JSX unless the '--jsx' flag is provided.
app/(main)/giai-dau/[id]/TournamentDetailClient.tsx(2365,247): error TS17004: Cannot use JSX unless the '--jsx' flag is provided.
app/(main)/giai-dau/[id]/TournamentDetailClient.tsx(2365,390): error TS17004: Cannot use JSX unless the '--jsx' flag is provided.
app/(main)/giai-dau/[id]/TournamentDetailClient.tsx(2367,77): error TS17004: Cannot use JSX unless the '--jsx' flag is provided.
app/(main)/giai-dau/[id]/TournamentDetailClient.tsx(2368,81): error TS17004: Cannot use JSX unless the '--jsx' flag is provided.
app/(main)/giai-dau/[id]/TournamentDetailClient.tsx(2381,29): error TS17004: Cannot use JSX unless the '--jsx' flag is provided.
app/(main)/giai-dau/[id]/TournamentDetailClient.tsx(2385,41): error TS17004: Cannot use JSX unless the '--jsx' flag is provided.
app/(main)/giai-dau/[id]/TournamentDetailClient.tsx(2386,45): error TS17004: Cannot use JSX unless the '--jsx' flag is provided.
app/(main)/giai-dau/[id]/TournamentDetailClient.tsx(2387,49): error TS17004: Cannot use JSX unless the '--jsx' flag is provided.
app/(main)/giai-dau/[id]/TournamentDetailClient.tsx(2388,49): error TS17004: Cannot use JSX unless the '--jsx' flag is provided.
app/(main)/giai-dau/[id]/TournamentDetailClient.tsx(2390,45): error TS17004: Cannot use JSX unless the '--jsx' flag is provided.
app/(main)/giai-dau/[id]/TournamentDetailClient.tsx(2405,61): error TS17004: Cannot use JSX unless the '--jsx' flag is provided.
app/(main)/giai-dau/[id]/TournamentDetailClient.tsx(2406,65): error TS17004: Cannot use JSX unless the '--jsx' flag is provided.
app/(main)/giai-dau/[id]/TournamentDetailClient.tsx(2408,73): error TS17004: Cannot use JSX unless the '--jsx' flag is provided.
app/(main)/giai-dau/[id]/TournamentDetailClient.tsx(2410,73): error TS17004: Cannot use JSX unless the '--jsx' flag is provided.
app/(main)/giai-dau/[id]/TournamentDetailClient.tsx(2411,77): error TS17004: Cannot use JSX unless the '--jsx' flag is provided.
app/(main)/giai-dau/[id]/TournamentDetailClient.tsx(2415,65): error TS17004: Cannot use JSX unless the '--jsx' flag is provided.
app/(main)/giai-dau/[id]/TournamentDetailClient.tsx(2416,69): error TS17004: Cannot use JSX unless the '--jsx' flag is provided.
app/(main)/giai-dau/[id]/TournamentDetailClient.tsx(2417,91): error TS17004: Cannot use JSX unless the '--jsx' flag is provided.
app/(main)/giai-dau/[id]/TournamentDetailClient.tsx(2418,73): error TS17004: Cannot use JSX unless the '--jsx' flag is provided.
app/(main)/giai-dau/[id]/TournamentDetailClient.tsx(2420,77): error TS17004: Cannot use JSX unless the '--jsx' flag is provided.
app/(main)/giai-dau/[id]/TournamentDetailClient.tsx(2426,57): error TS17004: Cannot use JSX unless the '--jsx' flag is provided.
app/(main)/giai-dau/[id]/TournamentDetailClient.tsx(2427,61): error TS17004: Cannot use JSX unless the '--jsx' flag is provided.
app/(main)/giai-dau/[id]/TournamentDetailClient.tsx(2428,65): error TS17004: Cannot use JSX unless the '--jsx' flag is provided.
app/(main)/giai-dau/[id]/TournamentDetailClient.tsx(2429,69): error TS17004: Cannot use JSX unless the '--jsx' flag is provided.
app/(main)/giai-dau/[id]/TournamentDetailClient.tsx(2430,87): error TS17004: Cannot use JSX unless the '--jsx' flag is provided.
app/(main)/giai-dau/[id]/TournamentDetailClient.tsx(2430,155): error TS17004: Cannot use JSX unless the '--jsx' flag is provided.
app/(main)/giai-dau/[id]/TournamentDetailClient.tsx(2432,65): error TS17004: Cannot use JSX unless the '--jsx' flag is provided.
app/(main)/giai-dau/[id]/TournamentDetailClient.tsx(2436,61): error TS17004: Cannot use JSX unless the '--jsx' flag is provided.
app/(main)/giai-dau/[id]/TournamentDetailClient.tsx(2438,65): error TS17004: Cannot use JSX unless the '--jsx' flag is provided.
app/(main)/giai-dau/[id]/TournamentDetailClient.tsx(2439,69): error TS17004: Cannot use JSX unless the '--jsx' flag is provided.
app/(main)/giai-dau/[id]/TournamentDetailClient.tsx(2455,33): error TS17004: Cannot use JSX unless the '--jsx' flag is provided.
app/(main)/giai-dau/[id]/TournamentDetailClient.tsx(2456,37): error TS17004: Cannot use JSX unless the '--jsx' flag is provided.
app/(main)/giai-dau/[id]/TournamentDetailClient.tsx(2457,37): error TS17004: Cannot use JSX unless the '--jsx' flag is provided.
app/(main)/giai-dau/[id]/TournamentDetailClient.tsx(2463,49): error TS17004: Cannot use JSX unless the '--jsx' flag is provided.
app/(main)/giai-dau/[id]/TournamentDetailClient.tsx(2464,53): error TS17004: Cannot use JSX unless the '--jsx' flag is provided.
app/(main)/giai-dau/[id]/TournamentDetailClient.tsx(2465,53): error TS17004: Cannot use JSX unless the '--jsx' flag is provided.
app/(main)/giai-dau/[id]/TournamentDetailClient.tsx(2466,71): error TS17004: Cannot use JSX unless the '--jsx' flag is provided.
app/(main)/giai-dau/[id]/TournamentDetailClient.tsx(2481,13): error TS17004: Cannot use JSX unless the '--jsx' flag is provided.
app/(main)/giai-dau/[id]/TournamentDetailClient.tsx(2482,17): error TS17004: Cannot use JSX unless the '--jsx' flag is provided.
app/(main)/giai-dau/[id]/TournamentDetailClient.tsx(2490,29): error TS17004: Cannot use JSX unless the '--jsx' flag is provided.
app/(main)/giai-dau/[id]/TournamentDetailClient.tsx(2492,33): error TS17004: Cannot use JSX unless the '--jsx' flag is provided.
app/(main)/giai-dau/[id]/TournamentDetailClient.tsx(2493,37): error TS17004: Cannot use JSX unless the '--jsx' flag is provided.
app/(main)/giai-dau/[id]/TournamentDetailClient.tsx(2494,37): error TS17004: Cannot use JSX unless the '--jsx' flag is provided.
app/(main)/giai-dau/[id]/TournamentDetailClient.tsx(2495,41): error TS17004: Cannot use JSX unless the '--jsx' flag is provided.
app/(main)/giai-dau/[id]/TournamentDetailClient.tsx(2496,45): error TS17004: Cannot use JSX unless the '--jsx' flag is provided.
app/(main)/giai-dau/[id]/TournamentDetailClient.tsx(2497,62): error TS17004: Cannot use JSX unless the '--jsx' flag is provided.
app/(main)/giai-dau/[id]/TournamentDetailClient.tsx(2497,145): error TS17004: Cannot use JSX unless the '--jsx' flag is provided.
app/(main)/giai-dau/[id]/TournamentDetailClient.tsx(2499,45): error TS17004: Cannot use JSX unless the '--jsx' flag is provided.
app/(main)/giai-dau/[id]/TournamentDetailClient.tsx(2500,49): error TS17004: Cannot use JSX unless the '--jsx' flag is provided.
app/(main)/giai-dau/[id]/TournamentDetailClient.tsx(2501,49): error TS17004: Cannot use JSX unless the '--jsx' flag is provided.
app/(main)/giai-dau/[id]/TournamentDetailClient.tsx(2504,41): error TS17004: Cannot use JSX unless the '--jsx' flag is provided.
app/(main)/giai-dau/[id]/TournamentDetailClient.tsx(2505,45): error TS17004: Cannot use JSX unless the '--jsx' flag is provided.
app/(main)/giai-dau/[id]/TournamentDetailClient.tsx(2514,56): error TS17004: Cannot use JSX unless the '--jsx' flag is provided.
app/(main)/giai-dau/[id]/TournamentDetailClient.tsx(2520,33): error TS17004: Cannot use JSX unless the '--jsx' flag is provided.
app/(main)/giai-dau/[id]/TournamentDetailClient.tsx(2522,37): error TS17004: Cannot use JSX unless the '--jsx' flag is provided.
app/(main)/giai-dau/[id]/TournamentDetailClient.tsx(2529,45): error TS17004: Cannot use JSX unless the '--jsx' flag is provided.
app/(main)/giai-dau/[id]/TournamentDetailClient.tsx(2530,49): error TS17004: Cannot use JSX unless the '--jsx' flag is provided.
app/(main)/giai-dau/[id]/TournamentDetailClient.tsx(2531,49): error TS17004: Cannot use JSX unless the '--jsx' flag is provided.
app/(main)/giai-dau/[id]/TournamentDetailClient.tsx(2537,37): error TS17004: Cannot use JSX unless the '--jsx' flag is provided.
app/(main)/giai-dau/[id]/TournamentDetailClient.tsx(2538,41): error TS17004: Cannot use JSX unless the '--jsx' flag is provided.
app/(main)/giai-dau/[id]/TournamentDetailClient.tsx(2539,41): error TS17004: Cannot use JSX unless the '--jsx' flag is provided.
app/(main)/giai-dau/[id]/TournamentDetailClient.tsx(2541,49): error TS17004: Cannot use JSX unless the '--jsx' flag is provided.
app/(main)/giai-dau/[id]/TournamentDetailClient.tsx(2541,100): error TS17004: Cannot use JSX unless the '--jsx' flag is provided.
app/(main)/giai-dau/[id]/TournamentDetailClient.tsx(2541,147): error TS17004: Cannot use JSX unless the '--jsx' flag is provided.
app/(main)/giai-dau/[id]/TournamentDetailClient.tsx(2544,49): error TS17004: Cannot use JSX unless the '--jsx' flag is provided.
app/(main)/giai-dau/[id]/TournamentDetailClient.tsx(2544,100): error TS17004: Cannot use JSX unless the '--jsx' flag is provided.
app/(main)/giai-dau/[id]/TournamentDetailClient.tsx(2544,147): error TS17004: Cannot use JSX unless the '--jsx' flag is provided.
app/(main)/giai-dau/[id]/TournamentDetailClient.tsx(2547,49): error TS17004: Cannot use JSX unless the '--jsx' flag is provided.
app/(main)/giai-dau/[id]/TournamentDetailClient.tsx(2548,53): error TS17004: Cannot use JSX unless the '--jsx' flag is provided.
app/(main)/giai-dau/[id]/TournamentDetailClient.tsx(2548,111): error TS17004: Cannot use JSX unless the '--jsx' flag is provided.
app/(main)/giai-dau/[id]/TournamentDetailClient.tsx(2550,57): error TS17004: Cannot use JSX unless the '--jsx' flag is provided.
app/(main)/giai-dau/[id]/TournamentDetailClient.tsx(2552,57): error TS17004: Cannot use JSX unless the '--jsx' flag is provided.
app/(main)/giai-dau/[id]/TournamentDetailClient.tsx(2557,49): error TS17004: Cannot use JSX unless the '--jsx' flag is provided.
app/(main)/giai-dau/[id]/TournamentDetailClient.tsx(2557,100): error TS17004: Cannot use JSX unless the '--jsx' flag is provided.
app/(main)/giai-dau/[id]/TournamentDetailClient.tsx(2557,158): error TS17004: Cannot use JSX unless the '--jsx' flag is provided.
app/(main)/giai-dau/[id]/TournamentDetailClient.tsx(2557,201): error TS17004: Cannot use JSX unless the '--jsx' flag is provided.
app/(main)/giai-dau/[id]/TournamentDetailClient.tsx(2560,49): error TS17004: Cannot use JSX unless the '--jsx' flag is provided.
app/(main)/giai-dau/[id]/TournamentDetailClient.tsx(2560,100): error TS17004: Cannot use JSX unless the '--jsx' flag is provided.
app/(main)/giai-dau/[id]/TournamentDetailClient.tsx(2560,158): error TS17004: Cannot use JSX unless the '--jsx' flag is provided.
app/(main)/giai-dau/[id]/TournamentDetailClient.tsx(2560,202): error TS17004: Cannot use JSX unless the '--jsx' flag is provided.
app/(main)/giai-dau/[id]/TournamentDetailClient.tsx(2563,49): error TS17004: Cannot use JSX unless the '--jsx' flag is provided.
app/(main)/giai-dau/[id]/TournamentDetailClient.tsx(2563,100): error TS17004: Cannot use JSX unless the '--jsx' flag is provided.
app/(main)/giai-dau/[id]/TournamentDetailClient.tsx(2563,146): error TS17004: Cannot use JSX unless the '--jsx' flag is provided.
app/(main)/giai-dau/[id]/TournamentDetailClient.tsx(2570,41): error TS17004: Cannot use JSX unless the '--jsx' flag is provided.
app/(main)/giai-dau/[id]/TournamentDetailClient.tsx(2571,45): error TS17004: Cannot use JSX unless the '--jsx' flag is provided.
app/(main)/giai-dau/[id]/TournamentDetailClient.tsx(2572,45): error TS17004: Cannot use JSX unless the '--jsx' flag is provided.
app/(main)/giai-dau/[id]/TournamentDetailClient.tsx(2578,41): error TS17004: Cannot use JSX unless the '--jsx' flag is provided.
app/(main)/giai-dau/[id]/TournamentDetailClient.tsx(2582,45): error TS17004: Cannot use JSX unless the '--jsx' flag is provided.
app/(main)/giai-dau/[id]/TournamentDetailClient.tsx(2594,13): error TS17004: Cannot use JSX unless the '--jsx' flag is provided.
app/(main)/giai-dau/[id]/TournamentDetailClient.tsx(2595,17): error TS17004: Cannot use JSX unless the '--jsx' flag is provided.
app/(main)/giai-dau/[id]/TournamentDetailClient.tsx(2596,21): error TS17004: Cannot use JSX unless the '--jsx' flag is provided.
app/(main)/giai-dau/[id]/TournamentDetailClient.tsx(2597,25): error TS17004: Cannot use JSX unless the '--jsx' flag is provided.
app/(main)/giai-dau/[id]/TournamentDetailClient.tsx(2598,29): error TS17004: Cannot use JSX unless the '--jsx' flag is provided.
app/(main)/giai-dau/[id]/TournamentDetailClient.tsx(2599,33): error TS17004: Cannot use JSX unless the '--jsx' flag is provided.
app/(main)/giai-dau/[id]/TournamentDetailClient.tsx(2600,33): error TS17004: Cannot use JSX unless the '--jsx' flag is provided.
app/(main)/giai-dau/[id]/TournamentDetailClient.tsx(2604,25): error TS17004: Cannot use JSX unless the '--jsx' flag is provided.
app/(main)/giai-dau/[id]/TournamentDetailClient.tsx(2605,29): error TS17004: Cannot use JSX unless the '--jsx' flag is provided.
app/(main)/giai-dau/[id]/TournamentDetailClient.tsx(2607,37): error TS17004: Cannot use JSX unless the '--jsx' flag is provided.
app/(main)/giai-dau/[id]/TournamentDetailClient.tsx(2608,41): error TS17004: Cannot use JSX unless the '--jsx' flag is provided.
app/(main)/giai-dau/[id]/TournamentDetailClient.tsx(2609,45): error TS17004: Cannot use JSX unless the '--jsx' flag is provided.
app/(main)/giai-dau/[id]/TournamentDetailClient.tsx(2613,69): error TS17004: Cannot use JSX unless the '--jsx' flag is provided.
app/(main)/giai-dau/[id]/TournamentDetailClient.tsx(2615,45): error TS17004: Cannot use JSX unless the '--jsx' flag is provided.
app/(main)/giai-dau/[id]/TournamentDetailClient.tsx(2621,45): error TS17004: Cannot use JSX unless the '--jsx' flag is provided.
app/(main)/giai-dau/[id]/TournamentDetailClient.tsx(2622,49): error TS17004: Cannot use JSX unless the '--jsx' flag is provided.
app/(main)/giai-dau/[id]/TournamentDetailClient.tsx(2630,21): error TS17004: Cannot use JSX unless the '--jsx' flag is provided.
app/(main)/giai-dau/[id]/TournamentDetailClient.tsx(2631,25): error TS17004: Cannot use JSX unless the '--jsx' flag is provided.
app/(main)/giai-dau/[id]/TournamentDetailClient.tsx(2633,33): error TS17004: Cannot use JSX unless the '--jsx' flag is provided.
app/(main)/giai-dau/[id]/TournamentDetailClient.tsx(2634,37): error TS17004: Cannot use JSX unless the '--jsx' flag is provided.
app/(main)/giai-dau/[id]/TournamentDetailClient.tsx(2635,41): error TS17004: Cannot use JSX unless the '--jsx' flag is provided.
app/(main)/giai-dau/[id]/TournamentDetailClient.tsx(2635,70): error TS17004: Cannot use JSX unless the '--jsx' flag is provided.
app/(main)/giai-dau/[id]/TournamentDetailClient.tsx(2635,139): error TS17004: Cannot use JSX unless the '--jsx' flag is provided.
app/(main)/giai-dau/[id]/TournamentDetailClient.tsx(2635,186): error TS17004: Cannot use JSX unless the '--jsx' flag is provided.
app/(main)/giai-dau/[id]/TournamentDetailClient.tsx(2636,60): error TS17004: Cannot use JSX unless the '--jsx' flag is provided.
app/(main)/giai-dau/[id]/TournamentDetailClient.tsx(2636,89): error TS17004: Cannot use JSX unless the '--jsx' flag is provided.
app/(main)/giai-dau/[id]/TournamentDetailClient.tsx(2636,152): error TS17004: Cannot use JSX unless the '--jsx' flag is provided.
app/(main)/giai-dau/[id]/TournamentDetailClient.tsx(2636,199): error TS17004: Cannot use JSX unless the '--jsx' flag is provided.
app/(main)/giai-dau/[id]/TournamentDetailClient.tsx(2638,37): error TS17004: Cannot use JSX unless the '--jsx' flag is provided.
app/(main)/giai-dau/[id]/TournamentDetailClient.tsx(2639,41): error TS17004: Cannot use JSX unless the '--jsx' flag is provided.
app/(main)/giai-dau/[id]/TournamentDetailClient.tsx(2639,70): error TS17004: Cannot use JSX unless the '--jsx' flag is provided.
app/(main)/giai-dau/[id]/TournamentDetailClient.tsx(2639,137): error TS17004: Cannot use JSX unless the '--jsx' flag is provided.
app/(main)/giai-dau/[id]/TournamentDetailClient.tsx(2639,184): error TS17004: Cannot use JSX unless the '--jsx' flag is provided.
app/(main)/giai-dau/[id]/TournamentDetailClient.tsx(2639,210): error TS17004: Cannot use JSX unless the '--jsx' flag is provided.
app/(main)/giai-dau/[id]/TournamentDetailClient.tsx(2639,294): error TS17004: Cannot use JSX unless the '--jsx' flag is provided.
app/(main)/giai-dau/[id]/TournamentDetailClient.tsx(2640,60): error TS17004: Cannot use JSX unless the '--jsx' flag is provided.
app/(main)/giai-dau/[id]/TournamentDetailClient.tsx(2640,89): error TS17004: Cannot use JSX unless the '--jsx' flag is provided.
app/(main)/giai-dau/[id]/TournamentDetailClient.tsx(2640,148): error TS17004: Cannot use JSX unless the '--jsx' flag is provided.
app/(main)/giai-dau/[id]/TournamentDetailClient.tsx(2640,227): error TS17004: Cannot use JSX unless the '--jsx' flag is provided.
app/(main)/giai-dau/[id]/TournamentDetailClient.tsx(2640,253): error TS17004: Cannot use JSX unless the '--jsx' flag is provided.
app/(main)/giai-dau/[id]/TournamentDetailClient.tsx(2640,336): error TS17004: Cannot use JSX unless the '--jsx' flag is provided.
app/(main)/giai-dau/[id]/TournamentDetailClient.tsx(2643,41): error TS17004: Cannot use JSX unless the '--jsx' flag is provided.
app/(main)/giai-dau/[id]/TournamentDetailClient.tsx(2644,45): error TS17004: Cannot use JSX unless the '--jsx' flag is provided.
app/(main)/giai-dau/[id]/TournamentDetailClient.tsx(2645,49): error TS17004: Cannot use JSX unless the '--jsx' flag is provided.
app/(main)/giai-dau/[id]/TournamentDetailClient.tsx(2645,111): error TS17004: Cannot use JSX unless the '--jsx' flag is provided.
app/(main)/giai-dau/[id]/TournamentDetailClient.tsx(2646,49): error TS17004: Cannot use JSX unless the '--jsx' flag is provided.
app/(main)/giai-dau/[id]/TournamentDetailClient.tsx(2647,53): error TS17004: Cannot use JSX unless the '--jsx' flag is provided.
app/(main)/giai-dau/[id]/TournamentDetailClient.tsx(2648,57): error TS17004: Cannot use JSX unless the '--jsx' flag is provided.
app/(main)/giai-dau/[id]/TournamentDetailClient.tsx(2649,61): error TS17004: Cannot use JSX unless the '--jsx' flag is provided.
app/(main)/giai-dau/[id]/TournamentDetailClient.tsx(2650,65): error TS17004: Cannot use JSX unless the '--jsx' flag is provided.
app/(main)/giai-dau/[id]/TournamentDetailClient.tsx(2651,65): error TS17004: Cannot use JSX unless the '--jsx' flag is provided.
app/(main)/giai-dau/[id]/TournamentDetailClient.tsx(2653,61): error TS17004: Cannot use JSX unless the '--jsx' flag is provided.
app/(main)/giai-dau/[id]/TournamentDetailClient.tsx(2656,53): error TS17004: Cannot use JSX unless the '--jsx' flag is provided.
app/(main)/giai-dau/[id]/TournamentDetailClient.tsx(2657,57): error TS17004: Cannot use JSX unless the '--jsx' flag is provided.
app/(main)/giai-dau/[id]/TournamentDetailClient.tsx(2658,61): error TS17004: Cannot use JSX unless the '--jsx' flag is provided.
app/(main)/giai-dau/[id]/TournamentDetailClient.tsx(2659,61): error TS17004: Cannot use JSX unless the '--jsx' flag is provided.
app/(main)/giai-dau/[id]/TournamentDetailClient.tsx(2660,65): error TS17004: Cannot use JSX unless the '--jsx' flag is provided.
app/(main)/giai-dau/[id]/TournamentDetailClient.tsx(2661,65): error TS17004: Cannot use JSX unless the '--jsx' flag is provided.
app/(main)/giai-dau/[id]/TournamentDetailClient.tsx(2663,73): error TS17004: Cannot use JSX unless the '--jsx' flag is provided.
app/(main)/giai-dau/[id]/TournamentDetailClient.tsx(2664,77): error TS17004: Cannot use JSX unless the '--jsx' flag is provided.
app/(main)/giai-dau/[id]/TournamentDetailClient.tsx(2674,45): error TS17004: Cannot use JSX unless the '--jsx' flag is provided.
app/(main)/giai-dau/[id]/TournamentDetailClient.tsx(2675,49): error TS17004: Cannot use JSX unless the '--jsx' flag is provided.
app/(main)/giai-dau/[id]/TournamentDetailClient.tsx(2675,119): error TS17004: Cannot use JSX unless the '--jsx' flag is provided.
app/(main)/giai-dau/[id]/TournamentDetailClient.tsx(2677,53): error TS17004: Cannot use JSX unless the '--jsx' flag is provided.
app/(main)/giai-dau/[id]/TournamentDetailClient.tsx(2678,57): error TS17004: Cannot use JSX unless the '--jsx' flag is provided.
app/(main)/giai-dau/[id]/TournamentDetailClient.tsx(2679,61): error TS17004: Cannot use JSX unless the '--jsx' flag is provided.
app/(main)/giai-dau/[id]/TournamentDetailClient.tsx(2680,65): error TS17004: Cannot use JSX unless the '--jsx' flag is provided.
app/(main)/giai-dau/[id]/TournamentDetailClient.tsx(2681,69): error TS17004: Cannot use JSX unless the '--jsx' flag is provided.
app/(main)/giai-dau/[id]/TournamentDetailClient.tsx(2682,69): error TS17004: Cannot use JSX unless the '--jsx' flag is provided.
app/(main)/giai-dau/[id]/TournamentDetailClient.tsx(2684,65): error TS17004: Cannot use JSX unless the '--jsx' flag is provided.
app/(main)/giai-dau/[id]/TournamentDetailClient.tsx(2687,57): error TS17004: Cannot use JSX unless the '--jsx' flag is provided.
app/(main)/giai-dau/[id]/TournamentDetailClient.tsx(2688,61): error TS17004: Cannot use JSX unless the '--jsx' flag is provided.
app/(main)/giai-dau/[id]/TournamentDetailClient.tsx(2689,65): error TS17004: Cannot use JSX unless the '--jsx' flag is provided.
app/(main)/giai-dau/[id]/TournamentDetailClient.tsx(2690,65): error TS17004: Cannot use JSX unless the '--jsx' flag is provided.
app/(main)/giai-dau/[id]/TournamentDetailClient.tsx(2691,69): error TS17004: Cannot use JSX unless the '--jsx' flag is provided.
app/(main)/giai-dau/[id]/TournamentDetailClient.tsx(2692,69): error TS17004: Cannot use JSX unless the '--jsx' flag is provided.
app/(main)/giai-dau/[id]/TournamentDetailClient.tsx(2694,77): error TS17004: Cannot use JSX unless the '--jsx' flag is provided.
app/(main)/giai-dau/[id]/TournamentDetailClient.tsx(2695,81): error TS17004: Cannot use JSX unless the '--jsx' flag is provided.
app/(main)/giai-dau/[id]/TournamentDetailClient.tsx(2705,53): error TS17004: Cannot use JSX unless the '--jsx' flag is provided.
app/(main)/giai-dau/[id]/TournamentDetailClient.tsx(2706,57): error TS17004: Cannot use JSX unless the '--jsx' flag is provided.
app/(main)/giai-dau/[id]/TournamentDetailClient.tsx(2707,57): error TS17004: Cannot use JSX unless the '--jsx' flag is provided.
app/(main)/giai-dau/[id]/TournamentDetailClient.tsx(2713,37): error TS17004: Cannot use JSX unless the '--jsx' flag is provided.
app/(main)/giai-dau/[id]/TournamentDetailClient.tsx(2713,76): error TS17004: Cannot use JSX unless the '--jsx' flag is provided.
app/(main)/giai-dau/[id]/TournamentDetailClient.tsx(2713,404): error TS17004: Cannot use JSX unless the '--jsx' flag is provided.
app/(main)/giai-dau/[id]/TournamentDetailClient.tsx(2717,33): error TS17004: Cannot use JSX unless the '--jsx' flag is provided.
app/(main)/giai-dau/[id]/TournamentDetailClient.tsx(2719,41): error TS17004: Cannot use JSX unless the '--jsx' flag is provided.
app/(main)/giai-dau/[id]/TournamentDetailClient.tsx(2720,45): error TS17004: Cannot use JSX unless the '--jsx' flag is provided.
app/(main)/giai-dau/[id]/TournamentDetailClient.tsx(2720,74): error TS17004: Cannot use JSX unless the '--jsx' flag is provided.
app/(main)/giai-dau/[id]/TournamentDetailClient.tsx(2720,147): error TS17004: Cannot use JSX unless the '--jsx' flag is provided.
app/(main)/giai-dau/[id]/TournamentDetailClient.tsx(2720,194): error TS17004: Cannot use JSX unless the '--jsx' flag is provided.
app/(main)/giai-dau/[id]/TournamentDetailClient.tsx(2721,45): error TS17004: Cannot use JSX unless the '--jsx' flag is provided.
app/(main)/giai-dau/[id]/TournamentDetailClient.tsx(2721,74): error TS17004: Cannot use JSX unless the '--jsx' flag is provided.
app/(main)/giai-dau/[id]/TournamentDetailClient.tsx(2721,146): error TS17004: Cannot use JSX unless the '--jsx' flag is provided.
app/(main)/giai-dau/[id]/TournamentDetailClient.tsx(2721,193): error TS17004: Cannot use JSX unless the '--jsx' flag is provided.
app/(main)/giai-dau/[id]/TournamentDetailClient.tsx(2724,37): error TS17004: Cannot use JSX unless the '--jsx' flag is provided.
app/(main)/giai-dau/[id]/TournamentDetailClient.tsx(2725,41): error TS17004: Cannot use JSX unless the '--jsx' flag is provided.
app/(main)/giai-dau/[id]/TournamentDetailClient.tsx(2725,70): error TS17004: Cannot use JSX unless the '--jsx' flag is provided.
app/(main)/giai-dau/[id]/TournamentDetailClient.tsx(2725,177): error TS17004: Cannot use JSX unless the '--jsx' flag is provided.
app/(main)/giai-dau/[id]/TournamentDetailClient.tsx(2725,224): error TS17004: Cannot use JSX unless the '--jsx' flag is provided.
app/(main)/giai-dau/[id]/TournamentDetailClient.tsx(2725,250): error TS17004: Cannot use JSX unless the '--jsx' flag is provided.
app/(main)/giai-dau/[id]/TournamentDetailClient.tsx(2725,337): error TS17004: Cannot use JSX unless the '--jsx' flag is provided.
app/(main)/giai-dau/[id]/TournamentDetailClient.tsx(2726,41): error TS17004: Cannot use JSX unless the '--jsx' flag is provided.
app/(main)/giai-dau/[id]/TournamentDetailClient.tsx(2726,70): error TS17004: Cannot use JSX unless the '--jsx' flag is provided.
app/(main)/giai-dau/[id]/TournamentDetailClient.tsx(2726,183): error TS17004: Cannot use JSX unless the '--jsx' flag is provided.
app/(main)/giai-dau/[id]/TournamentDetailClient.tsx(2726,230): error TS17004: Cannot use JSX unless the '--jsx' flag is provided.
app/(main)/giai-dau/[id]/TournamentDetailClient.tsx(2726,256): error TS17004: Cannot use JSX unless the '--jsx' flag is provided.
app/(main)/giai-dau/[id]/TournamentDetailClient.tsx(2726,347): error TS17004: Cannot use JSX unless the '--jsx' flag is provided.
app/(main)/giai-dau/[id]/TournamentDetailClient.tsx(2730,41): error TS17004: Cannot use JSX unless the '--jsx' flag is provided.
app/(main)/giai-dau/[id]/TournamentDetailClient.tsx(2731,45): error TS17004: Cannot use JSX unless the '--jsx' flag is provided.
app/(main)/giai-dau/[id]/TournamentDetailClient.tsx(2732,49): error TS17004: Cannot use JSX unless the '--jsx' flag is provided.
app/(main)/giai-dau/[id]/TournamentDetailClient.tsx(2733,53): error TS17004: Cannot use JSX unless the '--jsx' flag is provided.
app/(main)/giai-dau/[id]/TournamentDetailClient.tsx(2737,53): error TS17004: Cannot use JSX unless the '--jsx' flag is provided.
app/(main)/giai-dau/[id]/TournamentDetailClient.tsx(2741,45): error TS17004: Cannot use JSX unless the '--jsx' flag is provided.
app/(main)/giai-dau/[id]/TournamentDetailClient.tsx(2742,49): error TS17004: Cannot use JSX unless the '--jsx' flag is provided.
app/(main)/giai-dau/[id]/TournamentDetailClient.tsx(2743,53): error TS17004: Cannot use JSX unless the '--jsx' flag is provided.
app/(main)/giai-dau/[id]/TournamentDetailClient.tsx(2743,123): error TS17004: Cannot use JSX unless the '--jsx' flag is provided.
app/(main)/giai-dau/[id]/TournamentDetailClient.tsx(2743,230): error TS17004: Cannot use JSX unless the '--jsx' flag is provided.
app/(main)/giai-dau/[id]/TournamentDetailClient.tsx(2744,53): error TS17004: Cannot use JSX unless the '--jsx' flag is provided.
app/(main)/giai-dau/[id]/TournamentDetailClient.tsx(2745,57): error TS17004: Cannot use JSX unless the '--jsx' flag is provided.
app/(main)/giai-dau/[id]/TournamentDetailClient.tsx(2746,57): error TS17004: Cannot use JSX unless the '--jsx' flag is provided.
app/(main)/giai-dau/[id]/TournamentDetailClient.tsx(2759,75): error TS17004: Cannot use JSX unless the '--jsx' flag is provided.
app/(main)/giai-dau/[id]/TournamentDetailClient.tsx(2764,57): error TS17004: Cannot use JSX unless the '--jsx' flag is provided.
app/(main)/giai-dau/[id]/TournamentDetailClient.tsx(2766,65): error TS17004: Cannot use JSX unless the '--jsx' flag is provided.
app/(main)/giai-dau/[id]/TournamentDetailClient.tsx(2768,73): error TS17004: Cannot use JSX unless the '--jsx' flag is provided.
app/(main)/giai-dau/[id]/TournamentDetailClient.tsx(2784,77): error TS17004: Cannot use JSX unless the '--jsx' flag is provided.
app/(main)/giai-dau/[id]/TournamentDetailClient.tsx(2785,77): error TS17004: Cannot use JSX unless the '--jsx' flag is provided.
app/(main)/giai-dau/[id]/TournamentDetailClient.tsx(2786,81): error TS17004: Cannot use JSX unless the '--jsx' flag is provided.
app/(main)/giai-dau/[id]/TournamentDetailClient.tsx(2787,81): error TS17004: Cannot use JSX unless the '--jsx' flag is provided.
app/(main)/giai-dau/[id]/TournamentDetailClient.tsx(2788,85): error TS17004: Cannot use JSX unless the '--jsx' flag is provided.
app/(main)/giai-dau/[id]/TournamentDetailClient.tsx(2789,100): error TS17004: Cannot use JSX unless the '--jsx' flag is provided.
app/(main)/giai-dau/[id]/TournamentDetailClient.tsx(2796,65): error TS17004: Cannot use JSX unless the '--jsx' flag is provided.
app/(main)/giai-dau/[id]/TournamentDetailClient.tsx(2798,69): error TS17004: Cannot use JSX unless the '--jsx' flag is provided.
app/(main)/giai-dau/[id]/TournamentDetailClient.tsx(2799,73): error TS17004: Cannot use JSX unless the '--jsx' flag is provided.
app/(main)/giai-dau/[id]/TournamentDetailClient.tsx(2807,45): error TS17004: Cannot use JSX unless the '--jsx' flag is provided.
app/(main)/giai-dau/[id]/TournamentDetailClient.tsx(2808,49): error TS17004: Cannot use JSX unless the '--jsx' flag is provided.
app/(main)/giai-dau/[id]/TournamentDetailClient.tsx(2808,78): error TS17004: Cannot use JSX unless the '--jsx' flag is provided.
app/(main)/giai-dau/[id]/TournamentDetailClient.tsx(2808,150): error TS17004: Cannot use JSX unless the '--jsx' flag is provided.
app/(main)/giai-dau/[id]/TournamentDetailClient.tsx(2808,197): error TS17004: Cannot use JSX unless the '--jsx' flag is provided.
app/(main)/giai-dau/[id]/TournamentDetailClient.tsx(2808,223): error TS17004: Cannot use JSX unless the '--jsx' flag is provided.
app/(main)/giai-dau/[id]/TournamentDetailClient.tsx(2808,310): error TS17004: Cannot use JSX unless the '--jsx' flag is provided.
app/(main)/giai-dau/[id]/TournamentDetailClient.tsx(2809,49): error TS17004: Cannot use JSX unless the '--jsx' flag is provided.
app/(main)/giai-dau/[id]/TournamentDetailClient.tsx(2809,78): error TS17004: Cannot use JSX unless the '--jsx' flag is provided.
app/(main)/giai-dau/[id]/TournamentDetailClient.tsx(2809,151): error TS17004: Cannot use JSX unless the '--jsx' flag is provided.
app/(main)/giai-dau/[id]/TournamentDetailClient.tsx(2809,198): error TS17004: Cannot use JSX unless the '--jsx' flag is provided.
app/(main)/giai-dau/[id]/TournamentDetailClient.tsx(2809,224): error TS17004: Cannot use JSX unless the '--jsx' flag is provided.
app/(main)/giai-dau/[id]/TournamentDetailClient.tsx(2809,315): error TS17004: Cannot use JSX unless the '--jsx' flag is provided.
app/(main)/giai-dau/[id]/TournamentDetailClient.tsx(2814,37): error TS17004: Cannot use JSX unless the '--jsx' flag is provided.
app/(main)/giai-dau/[id]/TournamentDetailClient.tsx(2815,41): error TS17004: Cannot use JSX unless the '--jsx' flag is provided.
app/(main)/giai-dau/[id]/TournamentDetailClient.tsx(2815,70): error TS17004: Cannot use JSX unless the '--jsx' flag is provided.
app/(main)/giai-dau/[id]/TournamentDetailClient.tsx(2815,132): error TS17004: Cannot use JSX unless the '--jsx' flag is provided.
app/(main)/giai-dau/[id]/TournamentDetailClient.tsx(2815,219): error TS17004: Cannot use JSX unless the '--jsx' flag is provided.
app/(main)/giai-dau/[id]/TournamentDetailClient.tsx(2817,37): error TS17004: Cannot use JSX unless the '--jsx' flag is provided.
app/(main)/giai-dau/[id]/TournamentDetailClient.tsx(2818,41): error TS17004: Cannot use JSX unless the '--jsx' flag is provided.
app/(main)/giai-dau/[id]/TournamentDetailClient.tsx(2818,196): error TS17004: Cannot use JSX unless the '--jsx' flag is provided.
app/(main)/giai-dau/[id]/TournamentDetailClient.tsx(2819,41): error TS17004: Cannot use JSX unless the '--jsx' flag is provided.
app/(main)/giai-dau/[id]/TournamentDetailClient.tsx(2833,146): error TS17004: Cannot use JSX unless the '--jsx' flag is provided.
app/(main)/giai-dau/[id]/TournamentDetailClient.tsx(2838,33): error TS17004: Cannot use JSX unless the '--jsx' flag is provided.
app/(main)/giai-dau/[id]/TournamentDetailClient.tsx(2839,56): error TS17004: Cannot use JSX unless the '--jsx' flag is provided.
app/(main)/giai-dau/[id]/TournamentDetailClient.tsx(2839,85): error TS17004: Cannot use JSX unless the '--jsx' flag is provided.
app/(main)/giai-dau/[id]/TournamentDetailClient.tsx(2839,160): error TS17004: Cannot use JSX unless the '--jsx' flag is provided.
app/(main)/giai-dau/[id]/TournamentDetailClient.tsx(2839,207): error TS17004: Cannot use JSX unless the '--jsx' flag is provided.
app/(main)/giai-dau/[id]/TournamentDetailClient.tsx(2839,273): error TS17004: Cannot use JSX unless the '--jsx' flag is provided.
app/(main)/giai-dau/[id]/TournamentDetailClient.tsx(2839,299): error TS17004: Cannot use JSX unless the '--jsx' flag is provided.
app/(main)/giai-dau/[id]/TournamentDetailClient.tsx(2839,418): error TS17004: Cannot use JSX unless the '--jsx' flag is provided.
app/(main)/giai-dau/[id]/TournamentDetailClient.tsx(2839,667): error TS17004: Cannot use JSX unless the '--jsx' flag is provided.
app/(main)/giai-dau/[id]/TournamentDetailClient.tsx(2839,716): error TS17004: Cannot use JSX unless the '--jsx' flag is provided.
app/(main)/giai-dau/[id]/TournamentDetailClient.tsx(2839,757): error TS17004: Cannot use JSX unless the '--jsx' flag is provided.
app/(main)/giai-dau/[id]/TournamentDetailClient.tsx(2839,942): error TS17004: Cannot use JSX unless the '--jsx' flag is provided.
app/(main)/giai-dau/[id]/TournamentDetailClient.tsx(2839,1003): error TS17004: Cannot use JSX unless the '--jsx' flag is provided.
app/(main)/giai-dau/[id]/TournamentDetailClient.tsx(2839,1085): error TS17004: Cannot use JSX unless the '--jsx' flag is provided.
app/(main)/giai-dau/[id]/TournamentDetailClient.tsx(2839,1136): error TS17004: Cannot use JSX unless the '--jsx' flag is provided.
app/(main)/giai-dau/[id]/TournamentDetailClient.tsx(2839,1141): error TS17004: Cannot use JSX unless the '--jsx' flag is provided.
app/(main)/giai-dau/[id]/TournamentDetailClient.tsx(2839,1206): error TS17004: Cannot use JSX unless the '--jsx' flag is provided.
app/(main)/giai-dau/[id]/TournamentDetailClient.tsx(2839,1266): error TS17004: Cannot use JSX unless the '--jsx' flag is provided.
app/(main)/giai-dau/[id]/TournamentDetailClient.tsx(2839,1354): error TS17004: Cannot use JSX unless the '--jsx' flag is provided.
app/(main)/giai-dau/[id]/TournamentDetailClient.tsx(2840,37): error TS17004: Cannot use JSX unless the '--jsx' flag is provided.
app/(main)/giai-dau/[id]/TournamentDetailClient.tsx(2840,66): error TS17004: Cannot use JSX unless the '--jsx' flag is provided.
app/(main)/giai-dau/[id]/TournamentDetailClient.tsx(2840,247): error TS17004: Cannot use JSX unless the '--jsx' flag is provided.
app/(main)/giai-dau/[id]/TournamentDetailClient.tsx(2840,315): error TS17004: Cannot use JSX unless the '--jsx' flag is provided.
app/(main)/giai-dau/[id]/TournamentDetailClient.tsx(2840,403): error TS17004: Cannot use JSX unless the '--jsx' flag is provided.
app/(main)/giai-dau/[id]/TournamentDetailClient.tsx(2840,471): error TS17004: Cannot use JSX unless the '--jsx' flag is provided.
app/(main)/giai-dau/[id]/TournamentDetailClient.tsx(2840,497): error TS17004: Cannot use JSX unless the '--jsx' flag is provided.
app/(main)/giai-dau/[id]/TournamentDetailClient.tsx(2840,623): error TS17004: Cannot use JSX unless the '--jsx' flag is provided.
app/(main)/giai-dau/[id]/TournamentDetailClient.tsx(2840,874): error TS17004: Cannot use JSX unless the '--jsx' flag is provided.
app/(main)/giai-dau/[id]/TournamentDetailClient.tsx(2840,923): error TS17004: Cannot use JSX unless the '--jsx' flag is provided.
app/(main)/giai-dau/[id]/TournamentDetailClient.tsx(2840,964): error TS17004: Cannot use JSX unless the '--jsx' flag is provided.
app/(main)/giai-dau/[id]/TournamentDetailClient.tsx(2840,1275): error TS17004: Cannot use JSX unless the '--jsx' flag is provided.
app/(main)/giai-dau/[id]/TournamentDetailClient.tsx(2840,1336): error TS17004: Cannot use JSX unless the '--jsx' flag is provided.
app/(main)/giai-dau/[id]/TournamentDetailClient.tsx(2840,1421): error TS17004: Cannot use JSX unless the '--jsx' flag is provided.
app/(main)/giai-dau/[id]/TournamentDetailClient.tsx(2840,1478): error TS17004: Cannot use JSX unless the '--jsx' flag is provided.
app/(main)/giai-dau/[id]/TournamentDetailClient.tsx(2840,1483): error TS17004: Cannot use JSX unless the '--jsx' flag is provided.
app/(main)/giai-dau/[id]/TournamentDetailClient.tsx(2840,1639): error TS17004: Cannot use JSX unless the '--jsx' flag is provided.
app/(main)/giai-dau/[id]/TournamentDetailClient.tsx(2840,1705): error TS17004: Cannot use JSX unless the '--jsx' flag is provided.
app/(main)/giai-dau/[id]/TournamentDetailClient.tsx(2840,1766): error TS17004: Cannot use JSX unless the '--jsx' flag is provided.
app/(main)/giai-dau/[id]/TournamentDetailClient.tsx(2840,1854): error TS17004: Cannot use JSX unless the '--jsx' flag is provided.
app/(main)/giai-dau/[id]/TournamentDetailClient.tsx(2841,57): error TS17004: Cannot use JSX unless the '--jsx' flag is provided.
app/(main)/giai-dau/[id]/TournamentDetailClient.tsx(2841,149): error TS17004: Cannot use JSX unless the '--jsx' flag is provided.
app/(main)/giai-dau/[id]/TournamentDetailClient.tsx(2841,212): error TS17004: Cannot use JSX unless the '--jsx' flag is provided.
app/(main)/giai-dau/[id]/TournamentDetailClient.tsx(2841,217): error TS17004: Cannot use JSX unless the '--jsx' flag is provided.
app/(main)/giai-dau/[id]/TournamentDetailClient.tsx(2841,338): error TS17004: Cannot use JSX unless the '--jsx' flag is provided.
app/(main)/giai-dau/[id]/TournamentDetailClient.tsx(2842,37): error TS17004: Cannot use JSX unless the '--jsx' flag is provided.
app/(main)/giai-dau/[id]/TournamentDetailClient.tsx(2842,113): error TS17004: Cannot use JSX unless the '--jsx' flag is provided.
app/(main)/giai-dau/[id]/TournamentDetailClient.tsx(2842,204): error TS17004: Cannot use JSX unless the '--jsx' flag is provided.
app/(main)/giai-dau/[id]/TournamentDetailClient.tsx(2842,264): error TS17004: Cannot use JSX unless the '--jsx' flag is provided.
app/(main)/giai-dau/[id]/TournamentDetailClient.tsx(2842,269): error TS17004: Cannot use JSX unless the '--jsx' flag is provided.
app/(main)/giai-dau/[id]/TournamentDetailClient.tsx(2842,316): error TS17004: Cannot use JSX unless the '--jsx' flag is provided.
app/(main)/giai-dau/[id]/TournamentDetailClient.tsx(2842,393): error TS17004: Cannot use JSX unless the '--jsx' flag is provided.
app/(main)/giai-dau/[id]/TournamentDetailClient.tsx(2842,398): error TS17004: Cannot use JSX unless the '--jsx' flag is provided.
app/(main)/giai-dau/[id]/TournamentDetailClient.tsx(2842,442): error TS17004: Cannot use JSX unless the '--jsx' flag is provided.
app/(main)/giai-dau/[id]/TournamentDetailClient.tsx(2842,533): error TS17004: Cannot use JSX unless the '--jsx' flag is provided.
app/(main)/giai-dau/[id]/TournamentDetailClient.tsx(2842,538): error TS17004: Cannot use JSX unless the '--jsx' flag is provided.
app/(main)/giai-dau/[id]/TournamentDetailClient.tsx(2842,586): error TS17004: Cannot use JSX unless the '--jsx' flag is provided.
app/(main)/giai-dau/[id]/TournamentDetailClient.tsx(2842,682): error TS17004: Cannot use JSX unless the '--jsx' flag is provided.
app/(main)/giai-dau/[id]/TournamentDetailClient.tsx(2842,687): error TS17004: Cannot use JSX unless the '--jsx' flag is provided.
app/(main)/giai-dau/[id]/TournamentDetailClient.tsx(2842,732): error TS17004: Cannot use JSX unless the '--jsx' flag is provided.
app/(main)/giai-dau/[id]/TournamentDetailClient.tsx(2842,847): error TS17004: Cannot use JSX unless the '--jsx' flag is provided.
app/(main)/giai-dau/[id]/TournamentDetailClient.tsx(2842,852): error TS17004: Cannot use JSX unless the '--jsx' flag is provided.
app/(main)/giai-dau/[id]/TournamentDetailClient.tsx(2842,901): error TS17004: Cannot use JSX unless the '--jsx' flag is provided.
app/(main)/giai-dau/[id]/TournamentDetailClient.tsx(2842,998): error TS17004: Cannot use JSX unless the '--jsx' flag is provided.
app/(main)/giai-dau/[id]/TournamentDetailClient.tsx(2842,1003): error TS17004: Cannot use JSX unless the '--jsx' flag is provided.
app/(main)/giai-dau/[id]/TournamentDetailClient.tsx(2842,1051): error TS17004: Cannot use JSX unless the '--jsx' flag is provided.
app/(main)/giai-dau/[id]/TournamentDetailClient.tsx(2842,1170): error TS17004: Cannot use JSX unless the '--jsx' flag is provided.
app/(main)/giai-dau/[id]/TournamentDetailClient.tsx(2842,1175): error TS17004: Cannot use JSX unless the '--jsx' flag is provided.
app/(main)/giai-dau/[id]/TournamentDetailClient.tsx(2842,1221): error TS17004: Cannot use JSX unless the '--jsx' flag is provided.
app/(main)/giai-dau/[id]/TournamentDetailClient.tsx(2843,37): error TS17004: Cannot use JSX unless the '--jsx' flag is provided.
app/(main)/giai-dau/[id]/TournamentDetailClient.tsx(2843,80): error TS17004: Cannot use JSX unless the '--jsx' flag is provided.
app/(main)/giai-dau/[id]/TournamentDetailClient.tsx(2843,235): error TS17004: Cannot use JSX unless the '--jsx' flag is provided.
app/(main)/giai-dau/[id]/TournamentDetailClient.tsx(2843,288): error TS17004: Cannot use JSX unless the '--jsx' flag is provided.
app/(main)/giai-dau/[id]/TournamentDetailClient.tsx(2843,485): error TS17004: Cannot use JSX unless the '--jsx' flag is provided.
app/(main)/giai-dau/[id]/TournamentDetailClient.tsx(2843,532): error TS17004: Cannot use JSX unless the '--jsx' flag is provided.
app/(main)/giai-dau/[id]/TournamentDetailClient.tsx(2843,543): error TS17004: Cannot use JSX unless the '--jsx' flag is provided.
app/(main)/giai-dau/[id]/TournamentDetailClient.tsx(2847,25): error TS17004: Cannot use JSX unless the '--jsx' flag is provided.
app/(main)/giai-dau/[id]/TournamentDetailClient.tsx(2853,13): error TS17004: Cannot use JSX unless the '--jsx' flag is provided.
app/(main)/giai-dau/[id]/TournamentDetailClient.tsx(2854,17): error TS17004: Cannot use JSX unless the '--jsx' flag is provided.
app/(main)/giai-dau/[id]/TournamentDetailClient.tsx(2855,21): error TS17004: Cannot use JSX unless the '--jsx' flag is provided.
app/(main)/giai-dau/[id]/TournamentDetailClient.tsx(2856,25): error TS17004: Cannot use JSX unless the '--jsx' flag is provided.
app/(main)/giai-dau/[id]/TournamentDetailClient.tsx(2857,29): error TS17004: Cannot use JSX unless the '--jsx' flag is provided.
app/(main)/giai-dau/[id]/TournamentDetailClient.tsx(2858,33): error TS17004: Cannot use JSX unless the '--jsx' flag is provided.
app/(main)/giai-dau/[id]/TournamentDetailClient.tsx(2859,37): error TS17004: Cannot use JSX unless the '--jsx' flag is provided.
app/(main)/giai-dau/[id]/TournamentDetailClient.tsx(2863,29): error TS17004: Cannot use JSX unless the '--jsx' flag is provided.
app/(main)/giai-dau/[id]/TournamentDetailClient.tsx(2865,25): error TS17004: Cannot use JSX unless the '--jsx' flag is provided.
app/(main)/giai-dau/[id]/TournamentDetailClient.tsx(2866,29): error TS17004: Cannot use JSX unless the '--jsx' flag is provided.
app/(main)/giai-dau/[id]/TournamentDetailClient.tsx(2867,33): error TS17004: Cannot use JSX unless the '--jsx' flag is provided.
app/(main)/giai-dau/[id]/TournamentDetailClient.tsx(2868,33): error TS17004: Cannot use JSX unless the '--jsx' flag is provided.
app/(main)/giai-dau/[id]/TournamentDetailClient.tsx(2870,29): error TS17004: Cannot use JSX unless the '--jsx' flag is provided.
app/(main)/giai-dau/[id]/TournamentDetailClient.tsx(2871,33): error TS17004: Cannot use JSX unless the '--jsx' flag is provided.
app/(main)/giai-dau/[id]/TournamentDetailClient.tsx(2872,33): error TS17004: Cannot use JSX unless the '--jsx' flag is provided.
app/(main)/giai-dau/[id]/TournamentDetailClient.tsx(2872,119): error TS17004: Cannot use JSX unless the '--jsx' flag is provided.
app/(main)/giai-dau/[id]/TournamentDetailClient.tsx(2877,21): error TS17004: Cannot use JSX unless the '--jsx' flag is provided.
app/(main)/giai-dau/[id]/TournamentDetailClient.tsx(2880,29): error TS17004: Cannot use JSX unless the '--jsx' flag is provided.
app/(main)/giai-dau/[id]/TournamentDetailClient.tsx(2881,33): error TS17004: Cannot use JSX unless the '--jsx' flag is provided.
app/(main)/giai-dau/[id]/TournamentDetailClient.tsx(2882,33): error TS17004: Cannot use JSX unless the '--jsx' flag is provided.
app/(main)/giai-dau/[id]/TournamentDetailClient.tsx(2883,37): error TS17004: Cannot use JSX unless the '--jsx' flag is provided.
app/(main)/giai-dau/[id]/TournamentDetailClient.tsx(2884,37): error TS17004: Cannot use JSX unless the '--jsx' flag is provided.
app/(main)/giai-dau/[id]/TournamentDetailClient.tsx(2888,29): error TS17004: Cannot use JSX unless the '--jsx' flag is provided.
app/(main)/giai-dau/[id]/TournamentDetailClient.tsx(2889,33): error TS17004: Cannot use JSX unless the '--jsx' flag is provided.
app/(main)/giai-dau/[id]/TournamentDetailClient.tsx(2890,33): error TS17004: Cannot use JSX unless the '--jsx' flag is provided.
app/(main)/giai-dau/[id]/TournamentDetailClient.tsx(2891,37): error TS17004: Cannot use JSX unless the '--jsx' flag is provided.
app/(main)/giai-dau/[id]/TournamentDetailClient.tsx(2892,37): error TS17004: Cannot use JSX unless the '--jsx' flag is provided.
app/(main)/giai-dau/[id]/TournamentDetailClient.tsx(2896,29): error TS17004: Cannot use JSX unless the '--jsx' flag is provided.
app/(main)/giai-dau/[id]/TournamentDetailClient.tsx(2897,33): error TS17004: Cannot use JSX unless the '--jsx' flag is provided.
app/(main)/giai-dau/[id]/TournamentDetailClient.tsx(2898,33): error TS17004: Cannot use JSX unless the '--jsx' flag is provided.
app/(main)/giai-dau/[id]/TournamentDetailClient.tsx(2899,37): error TS17004: Cannot use JSX unless the '--jsx' flag is provided.
app/(main)/giai-dau/[id]/TournamentDetailClient.tsx(2900,37): error TS17004: Cannot use JSX unless the '--jsx' flag is provided.
app/(main)/giai-dau/[id]/TournamentDetailClient.tsx(2907,29): error TS17004: Cannot use JSX unless the '--jsx' flag is provided.
app/(main)/giai-dau/[id]/TournamentDetailClient.tsx(2909,37): error TS17004: Cannot use JSX unless the '--jsx' flag is provided.
app/(main)/giai-dau/[id]/TournamentDetailClient.tsx(2910,41): error TS17004: Cannot use JSX unless the '--jsx' flag is provided.
app/(main)/giai-dau/[id]/TournamentDetailClient.tsx(2912,45): error TS17004: Cannot use JSX unless the '--jsx' flag is provided.
app/(main)/giai-dau/[id]/TournamentDetailClient.tsx(2913,49): error TS17004: Cannot use JSX unless the '--jsx' flag is provided.
app/(main)/giai-dau/[id]/TournamentDetailClient.tsx(2914,49): error TS17004: Cannot use JSX unless the '--jsx' flag is provided.
app/(main)/giai-dau/[id]/TournamentDetailClient.tsx(2917,45): error TS17004: Cannot use JSX unless the '--jsx' flag is provided.
app/(main)/giai-dau/[id]/TournamentDetailClient.tsx(2919,53): error TS17004: Cannot use JSX unless the '--jsx' flag is provided.
app/(main)/giai-dau/[id]/TournamentDetailClient.tsx(2920,57): error TS17004: Cannot use JSX unless the '--jsx' flag is provided.
app/(main)/giai-dau/[id]/TournamentDetailClient.tsx(2921,87): error TS17004: Cannot use JSX unless the '--jsx' flag is provided.
app/(main)/giai-dau/[id]/TournamentDetailClient.tsx(2921,134): error TS17004: Cannot use JSX unless the '--jsx' flag is provided.
app/(main)/giai-dau/[id]/TournamentDetailClient.tsx(2923,57): error TS17004: Cannot use JSX unless the '--jsx' flag is provided.
app/(main)/giai-dau/[id]/TournamentDetailClient.tsx(2924,61): error TS17004: Cannot use JSX unless the '--jsx' flag is provided.
app/(main)/giai-dau/[id]/TournamentDetailClient.tsx(2925,61): error TS17004: Cannot use JSX unless the '--jsx' flag is provided.
app/(main)/giai-dau/[id]/TournamentDetailClient.tsx(2927,77): error TS17004: Cannot use JSX unless the '--jsx' flag is provided.
app/(main)/giai-dau/[id]/TournamentDetailClient.tsx(2927,138): error TS17004: Cannot use JSX unless the '--jsx' flag is provided.
app/(main)/giai-dau/[id]/TournamentDetailClient.tsx(2935,37): error TS17004: Cannot use JSX unless the '--jsx' flag is provided.
app/(main)/giai-dau/[id]/TournamentDetailClient.tsx(2936,41): error TS17004: Cannot use JSX unless the '--jsx' flag is provided.
app/(main)/giai-dau/[id]/TournamentDetailClient.tsx(2937,45): error TS17004: Cannot use JSX unless the '--jsx' flag is provided.
app/(main)/giai-dau/[id]/TournamentDetailClient.tsx(2943,49): error TS17004: Cannot use JSX unless the '--jsx' flag is provided.
app/(main)/giai-dau/[id]/TournamentDetailClient.tsx(2944,53): error TS17004: Cannot use JSX unless the '--jsx' flag is provided.
app/(main)/giai-dau/[id]/TournamentDetailClient.tsx(2945,57): error TS17004: Cannot use JSX unless the '--jsx' flag is provided.
app/(main)/giai-dau/[id]/TournamentDetailClient.tsx(2946,57): error TS17004: Cannot use JSX unless the '--jsx' flag is provided.
app/(main)/giai-dau/[id]/TournamentDetailClient.tsx(2947,61): error TS17004: Cannot use JSX unless the '--jsx' flag is provided.
app/(main)/giai-dau/[id]/TournamentDetailClient.tsx(2947,66): error TS17004: Cannot use JSX unless the '--jsx' flag is provided.
app/(main)/giai-dau/[id]/TournamentDetailClient.tsx(2948,61): error TS17004: Cannot use JSX unless the '--jsx' flag is provided.
app/(main)/giai-dau/[id]/TournamentDetailClient.tsx(2948,66): error TS17004: Cannot use JSX unless the '--jsx' flag is provided.
app/(main)/giai-dau/[id]/TournamentDetailClient.tsx(2949,61): error TS17004: Cannot use JSX unless the '--jsx' flag is provided.
app/(main)/giai-dau/[id]/TournamentDetailClient.tsx(2949,66): error TS17004: Cannot use JSX unless the '--jsx' flag is provided.
app/(main)/giai-dau/[id]/TournamentDetailClient.tsx(2950,61): error TS17004: Cannot use JSX unless the '--jsx' flag is provided.
app/(main)/giai-dau/[id]/TournamentDetailClient.tsx(2950,66): error TS17004: Cannot use JSX unless the '--jsx' flag is provided.
app/(main)/giai-dau/[id]/TournamentDetailClient.tsx(2951,61): error TS17004: Cannot use JSX unless the '--jsx' flag is provided.
app/(main)/giai-dau/[id]/TournamentDetailClient.tsx(2951,66): error TS17004: Cannot use JSX unless the '--jsx' flag is provided.
app/(main)/giai-dau/[id]/TournamentDetailClient.tsx(2952,61): error TS17004: Cannot use JSX unless the '--jsx' flag is provided.
app/(main)/giai-dau/[id]/TournamentDetailClient.tsx(2952,66): error TS17004: Cannot use JSX unless the '--jsx' flag is provided.
app/(main)/giai-dau/[id]/TournamentDetailClient.tsx(2953,61): error TS17004: Cannot use JSX unless the '--jsx' flag is provided.
app/(main)/giai-dau/[id]/TournamentDetailClient.tsx(2953,66): error TS17004: Cannot use JSX unless the '--jsx' flag is provided.
app/(main)/giai-dau/[id]/TournamentDetailClient.tsx(2954,61): error TS17004: Cannot use JSX unless the '--jsx' flag is provided.
app/(main)/giai-dau/[id]/TournamentDetailClient.tsx(2954,66): error TS17004: Cannot use JSX unless the '--jsx' flag is provided.
app/(main)/giai-dau/[id]/TournamentDetailClient.tsx(2956,57): error TS17004: Cannot use JSX unless the '--jsx' flag is provided.
app/(main)/giai-dau/[id]/TournamentDetailClient.tsx(2957,61): error TS17004: Cannot use JSX unless the '--jsx' flag is provided.
app/(main)/giai-dau/[id]/TournamentDetailClient.tsx(2958,61): error TS17004: Cannot use JSX unless the '--jsx' flag is provided.
app/(main)/giai-dau/[id]/TournamentDetailClient.tsx(2963,57): error TS17004: Cannot use JSX unless the '--jsx' flag is provided.
app/(main)/giai-dau/[id]/TournamentDetailClient.tsx(2964,61): error TS17004: Cannot use JSX unless the '--jsx' flag is provided.
app/(main)/giai-dau/[id]/TournamentDetailClient.tsx(2965,61): error TS17004: Cannot use JSX unless the '--jsx' flag is provided.
app/(main)/giai-dau/[id]/TournamentDetailClient.tsx(2966,65): error TS17004: Cannot use JSX unless the '--jsx' flag is provided.
app/(main)/giai-dau/[id]/TournamentDetailClient.tsx(2972,53): error TS17004: Cannot use JSX unless the '--jsx' flag is provided.
app/(main)/giai-dau/[id]/TournamentDetailClient.tsx(2973,57): error TS17004: Cannot use JSX unless the '--jsx' flag is provided.
app/(main)/giai-dau/[id]/TournamentDetailClient.tsx(2975,61): error TS17004: Cannot use JSX unless the '--jsx' flag is provided.
app/(main)/giai-dau/[id]/TournamentDetailClient.tsx(2976,65): error TS17004: Cannot use JSX unless the '--jsx' flag is provided.
app/(main)/giai-dau/[id]/TournamentDetailClient.tsx(2977,65): error TS17004: Cannot use JSX unless the '--jsx' flag is provided.
app/(main)/giai-dau/[id]/TournamentDetailClient.tsx(2978,69): error TS17004: Cannot use JSX unless the '--jsx' flag is provided.
app/(main)/giai-dau/[id]/TournamentDetailClient.tsx(2979,69): error TS17004: Cannot use JSX unless the '--jsx' flag is provided.
app/(main)/giai-dau/[id]/TournamentDetailClient.tsx(2981,65): error TS17004: Cannot use JSX unless the '--jsx' flag is provided.
app/(main)/giai-dau/[id]/TournamentDetailClient.tsx(2981,192): error TS17004: Cannot use JSX unless the '--jsx' flag is provided.
app/(main)/giai-dau/[id]/TournamentDetailClient.tsx(2984,61): error TS17004: Cannot use JSX unless the '--jsx' flag is provided.
app/(main)/giai-dau/[id]/TournamentDetailClient.tsx(2985,65): error TS17004: Cannot use JSX unless the '--jsx' flag is provided.
app/(main)/giai-dau/[id]/TournamentDetailClient.tsx(2986,69): error TS17004: Cannot use JSX unless the '--jsx' flag is provided.
app/(main)/giai-dau/[id]/TournamentDetailClient.tsx(2986,151): error TS17004: Cannot use JSX unless the '--jsx' flag is provided.
app/(main)/giai-dau/[id]/TournamentDetailClient.tsx(2987,69): error TS17004: Cannot use JSX unless the '--jsx' flag is provided.
app/(main)/giai-dau/[id]/TournamentDetailClient.tsx(2988,73): error TS17004: Cannot use JSX unless the '--jsx' flag is provided.
app/(main)/giai-dau/[id]/TournamentDetailClient.tsx(2989,73): error TS17004: Cannot use JSX unless the '--jsx' flag is provided.
app/(main)/giai-dau/[id]/TournamentDetailClient.tsx(2992,65): error TS17004: Cannot use JSX unless the '--jsx' flag is provided.
app/(main)/giai-dau/[id]/TournamentDetailClient.tsx(2996,57): error TS17004: Cannot use JSX unless the '--jsx' flag is provided.
app/(main)/giai-dau/[id]/TournamentDetailClient.tsx(2997,82): error TS17004: Cannot use JSX unless the '--jsx' flag is provided.
app/(main)/giai-dau/[id]/TournamentDetailClient.tsx(2997,84): error TS17004: Cannot use JSX unless the '--jsx' flag is provided.
app/(main)/giai-dau/[id]/TournamentDetailClient.tsx(2997,151): error TS17004: Cannot use JSX unless the '--jsx' flag is provided.
app/(main)/giai-dau/[id]/TournamentDetailClient.tsx(2997,153): error TS17004: Cannot use JSX unless the '--jsx' flag is provided.
app/(main)/giai-dau/[id]/TournamentDetailClient.tsx(3008,21): error TS17004: Cannot use JSX unless the '--jsx' flag is provided.
app/(main)/giai-dau/[id]/TournamentDetailClient.tsx(3009,25): error TS17004: Cannot use JSX unless the '--jsx' flag is provided.
app/(main)/giai-dau/[id]/TournamentDetailClient.tsx(3017,24): error TS17004: Cannot use JSX unless the '--jsx' flag is provided.
app/(main)/giai-dau/[id]/TournamentDetailClient.tsx(3027,13): error TS17004: Cannot use JSX unless the '--jsx' flag is provided.
app/(main)/giai-dau/[id]/TournamentDetailClient.tsx(3028,17): error TS17004: Cannot use JSX unless the '--jsx' flag is provided.
app/(main)/giai-dau/[id]/TournamentDetailClient.tsx(3029,21): error TS17004: Cannot use JSX unless the '--jsx' flag is provided.
app/(main)/giai-dau/[id]/TournamentDetailClient.tsx(3030,25): error TS17004: Cannot use JSX unless the '--jsx' flag is provided.
app/(main)/giai-dau/[id]/TournamentDetailClient.tsx(3031,29): error TS17004: Cannot use JSX unless the '--jsx' flag is provided.
app/(main)/giai-dau/[id]/TournamentDetailClient.tsx(3034,29): error TS17004: Cannot use JSX unless the '--jsx' flag is provided.
app/(main)/giai-dau/[id]/TournamentDetailClient.tsx(3036,37): error TS17004: Cannot use JSX unless the '--jsx' flag is provided.
app/(main)/giai-dau/[id]/TournamentDetailClient.tsx(3038,33): error TS17004: Cannot use JSX unless the '--jsx' flag is provided.
app/(main)/giai-dau/[id]/TournamentDetailClient.tsx(3039,37): error TS17004: Cannot use JSX unless the '--jsx' flag is provided.
app/(main)/giai-dau/[id]/TournamentDetailClient.tsx(3040,37): error TS17004: Cannot use JSX unless the '--jsx' flag is provided.
app/(main)/giai-dau/[id]/TournamentDetailClient.tsx(3046,25): error TS17004: Cannot use JSX unless the '--jsx' flag is provided.
app/(main)/giai-dau/[id]/TournamentDetailClient.tsx(3047,29): error TS17004: Cannot use JSX unless the '--jsx' flag is provided.
app/(main)/giai-dau/[id]/TournamentDetailClient.tsx(3053,29): error TS17004: Cannot use JSX unless the '--jsx' flag is provided.
node_modules/next/dist/build/templates/app-page.d.ts(3,25): error TS2307: Cannot find module 'VAR_MODULE_GLOBAL_ERROR' or its corresponding type declarations.
node_modules/next/dist/build/webpack-config.d.ts(10,104): error TS2694: Namespace '"d:/HK2_22-23/Thuc_tap_tot_nghiep/Efootball/efootcup/node_modules/next/dist/compiled/webpack/webpack".webpack' has no exported member 'RuleSetUseItem'.
node_modules/next/dist/build/webpack/loaders/next-app-loader/index.d.ts(1,13): error TS2613: Module '"d:/HK2_22-23/Thuc_tap_tot_nghiep/Efootball/efootcup/node_modules/next/dist/compiled/webpack/webpack"' has no default export. Did you mean to use 'import { webpack } from "d:/HK2_22-23/Thuc_tap_tot_nghiep/Efootball/efootcup/node_modules/next/dist/compiled/webpack/webpack"' instead?
node_modules/next/dist/client/components/error-boundary.d.ts(1,8): error TS1259: Module '"d:/HK2_22-23/Thuc_tap_tot_nghiep/Efootball/efootcup/node_modules/@types/react/index"' can only be default-imported using the 'esModuleInterop' flag
node_modules/next/dist/client/components/http-access-fallback/error-boundary.d.ts(11,8): error TS1259: Module '"d:/HK2_22-23/Thuc_tap_tot_nghiep/Efootball/efootcup/node_modules/@types/react/index"' can only be default-imported using the 'esModuleInterop' flag
node_modules/next/dist/client/components/layout-router.d.ts(2,8): error TS1259: Module '"d:/HK2_22-23/Thuc_tap_tot_nghiep/Efootball/efootcup/node_modules/@types/react/index"' can only be default-imported using the 'esModuleInterop' flag
node_modules/next/dist/client/image-component.d.ts(1,8): error TS1259: Module '"d:/HK2_22-23/Thuc_tap_tot_nghiep/Efootball/efootcup/node_modules/@types/react/index"' can only be default-imported using the 'esModuleInterop' flag
node_modules/next/dist/client/link.d.ts(1,8): error TS1259: Module '"d:/HK2_22-23/Thuc_tap_tot_nghiep/Efootball/efootcup/node_modules/@types/react/index"' can only be default-imported using the 'esModuleInterop' flag
node_modules/next/dist/client/with-router.d.ts(1,8): error TS1259: Module '"d:/HK2_22-23/Thuc_tap_tot_nghiep/Efootball/efootcup/node_modules/@types/react/index"' can only be default-imported using the 'esModuleInterop' flag
node_modules/next/dist/lib/metadata/metadata.d.ts(1,8): error TS1259: Module '"d:/HK2_22-23/Thuc_tap_tot_nghiep/Efootball/efootcup/node_modules/@types/react/index"' can only be default-imported using the 'esModuleInterop' flag
node_modules/next/dist/next-devtools/userspace/pages/pages-dev-overlay-setup.d.ts(1,8): error TS1259: Module '"d:/HK2_22-23/Thuc_tap_tot_nghiep/Efootball/efootcup/node_modules/@types/react/index"' can only be default-imported using the 'esModuleInterop' flag
node_modules/next/dist/server/app-render/entry-base.d.ts(1,114): error TS2307: Cannot find module 'react-server-dom-webpack/server' or its corresponding type declarations.
node_modules/next/dist/server/app-render/entry-base.d.ts(2,27): error TS2307: Cannot find module 'react-server-dom-webpack/static' or its corresponding type declarations.
node_modules/next/dist/server/web/spec-extension/adapters/headers.d.ts(39,16): error TS2304: Cannot find name 'HeadersIterator'.
node_modules/next/dist/server/web/spec-extension/adapters/headers.d.ts(40,13): error TS2304: Cannot find name 'HeadersIterator'.
node_modules/next/dist/server/web/spec-extension/adapters/headers.d.ts(41,15): error TS2304: Cannot find name 'HeadersIterator'.
node_modules/next/dist/server/web/spec-extension/adapters/headers.d.ts(42,26): error TS2304: Cannot find name 'HeadersIterator'.
node_modules/next/dist/shared/lib/app-router-context.shared-runtime.d.ts(4,8): error TS1259: Module '"d:/HK2_22-23/Thuc_tap_tot_nghiep/Efootball/efootcup/node_modules/@types/react/index"' can only be default-imported using the 'esModuleInterop' flag
node_modules/next/dist/shared/lib/app-router-types.d.ts(7,13): error TS1259: Module '"d:/HK2_22-23/Thuc_tap_tot_nghiep/Efootball/efootcup/node_modules/@types/react/index"' can only be default-imported using the 'esModuleInterop' flag
node_modules/next/dist/shared/lib/head-manager-context.shared-runtime.d.ts(1,8): error TS1259: Module '"d:/HK2_22-23/Thuc_tap_tot_nghiep/Efootball/efootcup/node_modules/@types/react/index"' can only be default-imported using the 'esModuleInterop' flag
node_modules/next/dist/shared/lib/image-config-context.shared-runtime.d.ts(1,8): error TS1259: Module '"d:/HK2_22-23/Thuc_tap_tot_nghiep/Efootball/efootcup/node_modules/@types/react/index"' can only be default-imported using the 'esModuleInterop' flag
node_modules/next/dist/shared/lib/loadable-context.shared-runtime.d.ts(1,8): error TS1259: Module '"d:/HK2_22-23/Thuc_tap_tot_nghiep/Efootball/efootcup/node_modules/@types/react/index"' can only be default-imported using the 'esModuleInterop' flag
node_modules/next/dist/shared/lib/loadable.shared-runtime.d.ts(21,8): error TS1259: Module '"d:/HK2_22-23/Thuc_tap_tot_nghiep/Efootball/efootcup/node_modules/@types/react/index"' can only be default-imported using the 'esModuleInterop' flag
node_modules/next/dist/shared/lib/router-context.shared-runtime.d.ts(1,8): error TS1259: Module '"d:/HK2_22-23/Thuc_tap_tot_nghiep/Efootball/efootcup/node_modules/@types/react/index"' can only be default-imported using the 'esModuleInterop' flag
node_modules/next/dist/shared/lib/server-inserted-html.shared-runtime.d.ts(1,8): error TS1259: Module '"d:/HK2_22-23/Thuc_tap_tot_nghiep/Efootball/efootcup/node_modules/@types/react/index"' can only be default-imported using the 'esModuleInterop' flag
node_modules/next/dist/shared/lib/utils.d.ts(10,13): error TS1192: Module '"fs"' has no default export.
node_modules/sonner/dist/index.d.ts(1,8): error TS1259: Module '"d:/HK2_22-23/Thuc_tap_tot_nghiep/Efootball/efootcup/node_modules/@types/react/index"' can only be default-imported using the 'esModuleInterop' flag
